<html>
<body>
<pre>
<h1>µVision Build Log</h1>
<h2>Tool Versions:</h2>
IDE-Version: µVision V5.34.0.0
Copyright (C) 2021 ARM Ltd and ARM Germany GmbH. All rights reserved.
License Information: dien nguyen van, a, LIC=8VRJ7-E7T2J-MMD9I-T0WWD-UNX02-PVALT
 
Tool Versions:
Toolchain:       MDK-ARM Plus  Version: 5.34.0.0
Toolchain Path:  C:\Keil_v5\ARM\ARMCC\Bin
C Compiler:      Armcc.exe V5.06 update 7 (build 960)
Assembler:       Armasm.exe V5.06 update 7 (build 960)
Linker/Locator:  ArmLink.exe V5.06 update 7 (build 960)
Library Manager: ArmAr.exe V5.06 update 7 (build 960)
Hex Converter:   FromElf.exe V5.06 update 7 (build 960)
CPU DLL:         SARMCM3.DLL V5.34.0.0
Dialog DLL:      DCM.DLL V1.17.3.0
Target DLL:      STLink\ST-LINKIII-KEIL_SWO.dll V3.0.8.0
Dialog DLL:      TCM.DLL V1.48.0.0
 
<h2>Project:</h2>
E:\LEARN\STM32H743\Test_BDM\MDK-ARM\Test_BDM.uvprojx
Project File Date:  12/05/2021

<h2>Output:</h2>
*** Using Compiler 'V5.06 update 7 (build 960)', folder: 'C:\Keil_v5\ARM\ARMCC\Bin'
Build target 'Test_BDM'
compiling main.c...
../Core/Src/main.c(242): warning:  #177-D: variable "temp_count"  was declared but never referenced
  	static uint8_t temp_count = 0;
../Core/Src/main.c(140): warning:  #177-D: function "delay4TC"  was declared but never referenced
  static __inline void delay4TC() {
../Core/Src/main.c(146): warning:  #177-D: function "delay12TC"  was declared but never referenced
  static __inline void delay12TC() {
../Core/Src/main.c(171): warning:  #177-D: function "bdm_pin_cfg_ext_rising"  was declared but never referenced
  static __inline void bdm_pin_cfg_ext_rising() {
../Core/Src/main.c(184): warning:  #177-D: function "bdm_pin_cfg_highZ"  was declared but never referenced
  static __inline void bdm_pin_cfg_highZ() {
../Core/Src/main.c: 5 warnings, 0 errors
linking...
Program Size: Code=6206 RO-data=714 RW-data=52 ZI-data=1764  
FromELF: creating hex file...
"Test_BDM\Test_BDM.axf" - 0 Error(s), 5 Warning(s).

<h2>Software Packages used:</h2>

Package Vendor: ARM
                http://www.keil.com/pack/ARM.CMSIS.5.7.0.pack
                ARM.CMSIS.5.7.0
                CMSIS (Cortex Microcontroller Software Interface Standard)
   * Component: CORE Version: 5.4.0

Package Vendor: Keil
                http://www.keil.com/pack/Keil.STM32H7xx_DFP.2.8.0.pack
                Keil.STM32H7xx_DFP.2.8.0
                STMicroelectronics STM32H7 Series Device Support and Examples

<h2>Collection of Component include folders:</h2>
  .\RTE\_Test_BDM
  C:\Keil_v5\ARM\PACK\ARM\CMSIS\5.7.0\CMSIS\Core\Include
  C:\Keil_v5\ARM\PACK\Keil\STM32H7xx_DFP\2.8.0\Drivers\CMSIS\Device\ST\STM32H7xx\Include

<h2>Collection of Component Files used:</h2>

   * Component: ARM::CMSIS:CORE:5.4.0
      Include file:  CMSIS\Core\Include\tz_context.h
Build Time Elapsed:  00:00:04
</pre>
</body>
</html>
