Component: ARM Compiler 5.06 update 7 (build 960) Tool: armlink [4d3601]

==============================================================================

Section Cross References

    startup_stm32h743xx.o(STACK) refers (Special) to heapauxi.o(.text) for __use_two_region_memory
    startup_stm32h743xx.o(HEAP) refers (Special) to heapauxi.o(.text) for __use_two_region_memory
    startup_stm32h743xx.o(RESET) refers (Special) to heapauxi.o(.text) for __use_two_region_memory
    startup_stm32h743xx.o(RESET) refers to startup_stm32h743xx.o(STACK) for __initial_sp
    startup_stm32h743xx.o(RESET) refers to startup_stm32h743xx.o(.text) for Reset_Handler
    startup_stm32h743xx.o(RESET) refers to stm32h7xx_it.o(i.NMI_Handler) for NMI_Handler
    startup_stm32h743xx.o(RESET) refers to stm32h7xx_it.o(i.HardFault_Handler) for HardFault_Handler
    startup_stm32h743xx.o(RESET) refers to stm32h7xx_it.o(i.MemManage_Handler) for MemManage_Handler
    startup_stm32h743xx.o(RESET) refers to stm32h7xx_it.o(i.BusFault_Handler) for BusFault_Handler
    startup_stm32h743xx.o(RESET) refers to stm32h7xx_it.o(i.UsageFault_Handler) for UsageFault_Handler
    startup_stm32h743xx.o(RESET) refers to stm32h7xx_it.o(i.SVC_Handler) for SVC_Handler
    startup_stm32h743xx.o(RESET) refers to stm32h7xx_it.o(i.DebugMon_Handler) for DebugMon_Handler
    startup_stm32h743xx.o(RESET) refers to stm32h7xx_it.o(i.PendSV_Handler) for PendSV_Handler
    startup_stm32h743xx.o(RESET) refers to stm32h7xx_it.o(i.SysTick_Handler) for SysTick_Handler
    startup_stm32h743xx.o(RESET) refers to stm32h7xx_it.o(i.EXTI9_5_IRQHandler) for EXTI9_5_IRQHandler
    startup_stm32h743xx.o(.text) refers (Special) to heapauxi.o(.text) for __use_two_region_memory
    startup_stm32h743xx.o(.text) refers to system_stm32h7xx.o(i.SystemInit) for SystemInit
    startup_stm32h743xx.o(.text) refers to __main.o(!!!main) for __main
    startup_stm32h743xx.o(.text) refers to startup_stm32h743xx.o(HEAP) for Heap_Mem
    startup_stm32h743xx.o(.text) refers to startup_stm32h743xx.o(STACK) for Stack_Mem
    main.o(i.HAL_GPIO_EXTI_Callback) refers to stm32h7xx_hal_gpio.o(i.HAL_GPIO_ReadPin) for HAL_GPIO_ReadPin
    main.o(i.HAL_GPIO_EXTI_Callback) refers to main.o(.data) for .data
    main.o(i.HAL_GPIO_EXTI_Callback) refers to main.o(.bss) for .bss
    main.o(i.MX_GPIO_Init) refers to rt_memclr_w.o(.text) for __aeabi_memclr4
    main.o(i.MX_GPIO_Init) refers to stm32h7xx_hal_gpio.o(i.HAL_GPIO_WritePin) for HAL_GPIO_WritePin
    main.o(i.MX_GPIO_Init) refers to stm32h7xx_hal_gpio.o(i.HAL_GPIO_Init) for HAL_GPIO_Init
    main.o(i.MX_GPIO_Init) refers to stm32h7xx_hal_cortex.o(i.HAL_NVIC_SetPriority) for HAL_NVIC_SetPriority
    main.o(i.MX_GPIO_Init) refers to stm32h7xx_hal_cortex.o(i.HAL_NVIC_EnableIRQ) for HAL_NVIC_EnableIRQ
    main.o(i.MX_TIM2_Init) refers to stm32h7xx_hal_tim.o(i.HAL_TIM_Base_Init) for HAL_TIM_Base_Init
    main.o(i.MX_TIM2_Init) refers to stm32h7xx_hal_tim.o(i.HAL_TIM_ConfigClockSource) for HAL_TIM_ConfigClockSource
    main.o(i.MX_TIM2_Init) refers to stm32h7xx_hal_tim_ex.o(i.HAL_TIMEx_MasterConfigSynchronization) for HAL_TIMEx_MasterConfigSynchronization
    main.o(i.MX_TIM2_Init) refers to main.o(.bss) for .bss
    main.o(i.SystemClock_Config) refers to rt_memclr_w.o(.text) for __aeabi_memclr4
    main.o(i.SystemClock_Config) refers to stm32h7xx_hal_pwr_ex.o(i.HAL_PWREx_ConfigSupply) for HAL_PWREx_ConfigSupply
    main.o(i.SystemClock_Config) refers to stm32h7xx_hal_rcc.o(i.HAL_RCC_OscConfig) for HAL_RCC_OscConfig
    main.o(i.SystemClock_Config) refers to stm32h7xx_hal_rcc.o(i.HAL_RCC_ClockConfig) for HAL_RCC_ClockConfig
    main.o(i.bdm_read) refers to main.o(i.bdm_pin_cfg_output) for bdm_pin_cfg_output
    main.o(i.bdm_read) refers to stm32h7xx_hal_gpio.o(i.HAL_GPIO_WritePin) for HAL_GPIO_WritePin
    main.o(i.bdm_read) refers to main.o(.bss) for .bss
    main.o(i.bdm_read) refers to main.o(.data) for .data
    main.o(i.bdm_send) refers to main.o(i.bdm_pin_cfg_output) for bdm_pin_cfg_output
    main.o(i.bdm_send) refers to stm32h7xx_hal_gpio.o(i.HAL_GPIO_WritePin) for HAL_GPIO_WritePin
    main.o(i.bdm_send) refers to main.o(.bss) for .bss
    main.o(i.bdm_send) refers to main.o(.data) for .data
    main.o(i.bdm_sync) refers to rt_memclr_w.o(.text) for __aeabi_memclr4
    main.o(i.bdm_sync) refers to stm32h7xx_hal_gpio.o(i.HAL_GPIO_Init) for HAL_GPIO_Init
    main.o(i.bdm_sync) refers to stm32h7xx_hal_gpio.o(i.HAL_GPIO_WritePin) for HAL_GPIO_WritePin
    main.o(i.bdm_sync) refers to stm32h7xx_hal.o(i.HAL_Delay) for HAL_Delay
    main.o(i.bdm_sync) refers to main.o(.data) for .data
    main.o(i.bdm_sync) refers to main.o(.bss) for .bss
    main.o(i.main) refers to stm32h7xx_hal.o(i.HAL_Init) for HAL_Init
    main.o(i.main) refers to main.o(i.SystemClock_Config) for SystemClock_Config
    main.o(i.main) refers to main.o(i.MX_GPIO_Init) for MX_GPIO_Init
    main.o(i.main) refers to main.o(i.MX_TIM2_Init) for MX_TIM2_Init
[...]
    Removing stm32h7xx_hal_i2c.o(i.HAL_I2C_Master_Abort_IT), (124 bytes).
    Removing stm32h7xx_hal_i2c.o(i.HAL_I2C_Master_Receive), (292 bytes).
    Removing stm32h7xx_hal_i2c.o(i.HAL_I2C_Master_Receive_DMA), (300 bytes).
    Removing stm32h7xx_hal_i2c.o(i.HAL_I2C_Master_Receive_IT), (132 bytes).
    Removing stm32h7xx_hal_i2c.o(i.HAL_I2C_Master_Seq_Receive_DMA), (324 bytes).
    Removing stm32h7xx_hal_i2c.o(i.HAL_I2C_Master_Seq_Receive_IT), (160 bytes).
    Removing stm32h7xx_hal_i2c.o(i.HAL_I2C_Master_Seq_Transmit_DMA), (324 bytes).
    Removing stm32h7xx_hal_i2c.o(i.HAL_I2C_Master_Seq_Transmit_IT), (160 bytes).
    Removing stm32h7xx_hal_i2c.o(i.HAL_I2C_Master_Transmit), (292 bytes).
    Removing stm32h7xx_hal_i2c.o(i.HAL_I2C_Master_Transmit_DMA), (308 bytes).
    Removing stm32h7xx_hal_i2c.o(i.HAL_I2C_Master_Transmit_IT), (132 bytes).
    Removing stm32h7xx_hal_i2c.o(i.HAL_I2C_MemRxCpltCallback), (2 bytes).
    Removing stm32h7xx_hal_i2c.o(i.HAL_I2C_MemTxCpltCallback), (2 bytes).
    Removing stm32h7xx_hal_i2c.o(i.HAL_I2C_Mem_Read), (356 bytes).
    Removing stm32h7xx_hal_i2c.o(i.HAL_I2C_Mem_Read_DMA), (304 bytes).
    Removing stm32h7xx_hal_i2c.o(i.HAL_I2C_Mem_Read_IT), (196 bytes).
    Removing stm32h7xx_hal_i2c.o(i.HAL_I2C_Mem_Write), (344 bytes).
    Removing stm32h7xx_hal_i2c.o(i.HAL_I2C_Mem_Write_DMA), (296 bytes).
    Removing stm32h7xx_hal_i2c.o(i.HAL_I2C_Mem_Write_IT), (188 bytes).
    Removing stm32h7xx_hal_i2c.o(i.HAL_I2C_MspDeInit), (2 bytes).
    Removing stm32h7xx_hal_i2c.o(i.HAL_I2C_MspInit), (2 bytes).
    Removing stm32h7xx_hal_i2c.o(i.HAL_I2C_SlaveRxCpltCallback), (2 bytes).
    Removing stm32h7xx_hal_i2c.o(i.HAL_I2C_SlaveTxCpltCallback), (2 bytes).
    Removing stm32h7xx_hal_i2c.o(i.HAL_I2C_Slave_Receive), (296 bytes).
    Removing stm32h7xx_hal_i2c.o(i.HAL_I2C_Slave_Receive_DMA), (232 bytes).
    Removing stm32h7xx_hal_i2c.o(i.HAL_I2C_Slave_Receive_IT), (96 bytes).
    Removing stm32h7xx_hal_i2c.o(i.HAL_I2C_Slave_Seq_Receive_DMA), (360 bytes).
    Removing stm32h7xx_hal_i2c.o(i.HAL_I2C_Slave_Seq_Receive_IT), (200 bytes).
    Removing stm32h7xx_hal_i2c.o(i.HAL_I2C_Slave_Seq_Transmit_DMA), (356 bytes).
    Removing stm32h7xx_hal_i2c.o(i.HAL_I2C_Slave_Seq_Transmit_IT), (200 bytes).
    Removing stm32h7xx_hal_i2c.o(i.HAL_I2C_Slave_Transmit), (304 bytes).
    Removing stm32h7xx_hal_i2c.o(i.HAL_I2C_Slave_Transmit_DMA), (224 bytes).
    Removing stm32h7xx_hal_i2c.o(i.HAL_I2C_Slave_Transmit_IT), (96 bytes).
    Removing stm32h7xx_hal_i2c.o(i.I2C_ConvertOtherXferOptions), (26 bytes).
    Removing stm32h7xx_hal_i2c.o(i.I2C_DMAAbort), (20 bytes).
    Removing stm32h7xx_hal_i2c.o(i.I2C_DMAError), (332 bytes).
    Removing stm32h7xx_hal_i2c.o(i.I2C_DMAMasterReceiveCplt), (82 bytes).
    Removing stm32h7xx_hal_i2c.o(i.I2C_DMAMasterTransmitCplt), (82 bytes).
    Removing stm32h7xx_hal_i2c.o(i.I2C_DMASlaveReceiveCplt), (164 bytes).
    Removing stm32h7xx_hal_i2c.o(i.I2C_DMASlaveTransmitCplt), (30 bytes).
    Removing stm32h7xx_hal_i2c.o(i.I2C_Disable_IRQ), (96 bytes).
    Removing stm32h7xx_hal_i2c.o(i.I2C_Enable_IRQ), (104 bytes).
    Removing stm32h7xx_hal_i2c.o(i.I2C_Flush_TXDR), (34 bytes).
    Removing stm32h7xx_hal_i2c.o(i.I2C_ITAddrCplt), (148 bytes).
    Removing stm32h7xx_hal_i2c.o(i.I2C_ITError), (248 bytes).
    Removing stm32h7xx_hal_i2c.o(i.I2C_ITListenCplt), (100 bytes).
    Removing stm32h7xx_hal_i2c.o(i.I2C_ITMasterCplt), (244 bytes).
    Removing stm32h7xx_hal_i2c.o(i.I2C_ITMasterSeqCplt), (80 bytes).
    Removing stm32h7xx_hal_i2c.o(i.I2C_ITSlaveCplt), (460 bytes).
    Removing stm32h7xx_hal_i2c.o(i.I2C_ITSlaveSeqCplt), (114 bytes).
    Removing stm32h7xx_hal_i2c.o(i.I2C_IsAcknowledgeFailed), (136 bytes).
    Removing stm32h7xx_hal_i2c.o(i.I2C_Master_ISR_DMA), (272 bytes).
    Removing stm32h7xx_hal_i2c.o(i.I2C_Master_ISR_IT), (296 bytes).
    Removing stm32h7xx_hal_i2c.o(i.I2C_RequestMemoryRead), (100 bytes).
    Removing stm32h7xx_hal_i2c.o(i.I2C_RequestMemoryWrite), (100 bytes).
    Removing stm32h7xx_hal_i2c.o(i.I2C_Slave_ISR_DMA), (532 bytes).
    Removing stm32h7xx_hal_i2c.o(i.I2C_Slave_ISR_IT), (288 bytes).
    Removing stm32h7xx_hal_i2c.o(i.I2C_TransferConfig), (44 bytes).
    Removing stm32h7xx_hal_i2c.o(i.I2C_TreatErrorCallback), (42 bytes).
    Removing stm32h7xx_hal_i2c.o(i.I2C_WaitOnFlagUntilTimeout), (90 bytes).
    Removing stm32h7xx_hal_i2c.o(i.I2C_WaitOnRXNEFlagUntilTimeout), (136 bytes).
    Removing stm32h7xx_hal_i2c.o(i.I2C_WaitOnSTOPFlagUntilTimeout), (78 bytes).
    Removing stm32h7xx_hal_i2c.o(i.I2C_WaitOnTXISFlagUntilTimeout), (82 bytes).
    Removing stm32h7xx_hal_i2c_ex.o(.rev16_text), (4 bytes).
    Removing stm32h7xx_hal_i2c_ex.o(.revsh_text), (4 bytes).
    Removing stm32h7xx_hal_i2c_ex.o(.rrx_text), (6 bytes).
    Removing stm32h7xx_hal_i2c_ex.o(i.HAL_I2CEx_ConfigAnalogFilter), (88 bytes).
    Removing stm32h7xx_hal_i2c_ex.o(i.HAL_I2CEx_ConfigDigitalFilter), (84 bytes).
    Removing stm32h7xx_hal_i2c_ex.o(i.HAL_I2CEx_DisableFastModePlus), (40 bytes).
    Removing stm32h7xx_hal_i2c_ex.o(i.HAL_I2CEx_DisableWakeUp), (80 bytes).
    Removing stm32h7xx_hal_i2c_ex.o(i.HAL_I2CEx_EnableFastModePlus), (40 bytes).
    Removing stm32h7xx_hal_i2c_ex.o(i.HAL_I2CEx_EnableWakeUp), (80 bytes).
    Removing stm32h7xx_hal_exti.o(.rev16_text), (4 bytes).
    Removing stm32h7xx_hal_exti.o(.revsh_text), (4 bytes).
    Removing stm32h7xx_hal_exti.o(.rrx_text), (6 bytes).
    Removing stm32h7xx_hal_exti.o(i.HAL_EXTI_ClearConfigLine), (200 bytes).
    Removing stm32h7xx_hal_exti.o(i.HAL_EXTI_ClearPending), (28 bytes).
    Removing stm32h7xx_hal_exti.o(i.HAL_EXTI_GenerateSWI), (28 bytes).
    Removing stm32h7xx_hal_exti.o(i.HAL_EXTI_GetConfigLine), (248 bytes).
    Removing stm32h7xx_hal_exti.o(i.HAL_EXTI_GetHandle), (12 bytes).
    Removing stm32h7xx_hal_exti.o(i.HAL_EXTI_GetPending), (32 bytes).
    Removing stm32h7xx_hal_exti.o(i.HAL_EXTI_IRQHandler), (48 bytes).
    Removing stm32h7xx_hal_exti.o(i.HAL_EXTI_RegisterCallback), (18 bytes).
    Removing stm32h7xx_hal_exti.o(i.HAL_EXTI_SetConfigLine), (268 bytes).
    Removing stm32h7xx_hal_tim.o(.rev16_text), (4 bytes).
    Removing stm32h7xx_hal_tim.o(.revsh_text), (4 bytes).
    Removing stm32h7xx_hal_tim.o(.rrx_text), (6 bytes).
    Removing stm32h7xx_hal_tim.o(i.HAL_TIM_Base_DeInit), (100 bytes).
    Removing stm32h7xx_hal_tim.o(i.HAL_TIM_Base_GetState), (6 bytes).
    Removing stm32h7xx_hal_tim.o(i.HAL_TIM_Base_MspDeInit), (2 bytes).
    Removing stm32h7xx_hal_tim.o(i.HAL_TIM_Base_MspInit), (2 bytes).
    Removing stm32h7xx_hal_tim.o(i.HAL_TIM_Base_Start_DMA), (192 bytes).
    Removing stm32h7xx_hal_tim.o(i.HAL_TIM_Base_Start_IT), (128 bytes).
    Removing stm32h7xx_hal_tim.o(i.HAL_TIM_Base_Stop), (38 bytes).
    Removing stm32h7xx_hal_tim.o(i.HAL_TIM_Base_Stop_DMA), (58 bytes).
    Removing stm32h7xx_hal_tim.o(i.HAL_TIM_Base_Stop_IT), (48 bytes).
    Removing stm32h7xx_hal_tim.o(i.HAL_TIM_ConfigOCrefClear), (270 bytes).
    Removing stm32h7xx_hal_tim.o(i.HAL_TIM_ConfigTI1Input), (16 bytes).
    Removing stm32h7xx_hal_tim.o(i.HAL_TIM_DMABurstState), (6 bytes).
    Removing stm32h7xx_hal_tim.o(i.HAL_TIM_DMABurst_MultiReadStart), (324 bytes).
    Removing stm32h7xx_hal_tim.o(i.HAL_TIM_DMABurst_MultiWriteStart), (324 bytes).
    Removing stm32h7xx_hal_tim.o(i.HAL_TIM_DMABurst_ReadStart), (18 bytes).
    Removing stm32h7xx_hal_tim.o(i.HAL_TIM_DMABurst_ReadStop), (102 bytes).
    Removing stm32h7xx_hal_tim.o(i.HAL_TIM_DMABurst_WriteStart), (18 bytes).
    Removing stm32h7xx_hal_tim.o(i.HAL_TIM_DMABurst_WriteStop), (102 bytes).
    Removing stm32h7xx_hal_tim.o(i.HAL_TIM_Encoder_DeInit), (76 bytes).
    Removing stm32h7xx_hal_tim.o(i.HAL_TIM_Encoder_GetState), (6 bytes).
    Removing stm32h7xx_hal_tim.o(i.HAL_TIM_Encoder_Init), (188 bytes).
    Removing stm32h7xx_hal_tim.o(i.HAL_TIM_Encoder_MspDeInit), (2 bytes).
    Removing stm32h7xx_hal_tim.o(i.HAL_TIM_Encoder_MspInit), (2 bytes).
    Removing stm32h7xx_hal_tim.o(i.HAL_TIM_Encoder_Start), (142 bytes).
    Removing stm32h7xx_hal_tim.o(i.HAL_TIM_Encoder_Start_DMA), (460 bytes).
    Removing stm32h7xx_hal_tim.o(i.HAL_TIM_Encoder_Start_IT), (184 bytes).
    Removing stm32h7xx_hal_tim.o(i.HAL_TIM_Encoder_Stop), (112 bytes).
    Removing stm32h7xx_hal_tim.o(i.HAL_TIM_Encoder_Stop_DMA), (182 bytes).
    Removing stm32h7xx_hal_tim.o(i.HAL_TIM_Encoder_Stop_IT), (154 bytes).
    Removing stm32h7xx_hal_tim.o(i.HAL_TIM_ErrorCallback), (2 bytes).
    Removing stm32h7xx_hal_tim.o(i.HAL_TIM_GenerateEvent), (40 bytes).
    Removing stm32h7xx_hal_tim.o(i.HAL_TIM_GetActiveChannel), (4 bytes).
    Removing stm32h7xx_hal_tim.o(i.HAL_TIM_GetChannelState), (54 bytes).
    Removing stm32h7xx_hal_tim.o(i.HAL_TIM_IC_CaptureCallback), (2 bytes).
    Removing stm32h7xx_hal_tim.o(i.HAL_TIM_IC_CaptureHalfCpltCallback), (2 bytes).
    Removing stm32h7xx_hal_tim.o(i.HAL_TIM_IC_ConfigChannel), (270 bytes).
    Removing stm32h7xx_hal_tim.o(i.HAL_TIM_IC_DeInit), (100 bytes).
    Removing stm32h7xx_hal_tim.o(i.HAL_TIM_IC_GetState), (6 bytes).
    Removing stm32h7xx_hal_tim.o(i.HAL_TIM_IC_Init), (98 bytes).
    Removing stm32h7xx_hal_tim.o(i.HAL_TIM_IC_MspDeInit), (2 bytes).
    Removing stm32h7xx_hal_tim.o(i.HAL_TIM_IC_MspInit), (2 bytes).
    Removing stm32h7xx_hal_tim.o(i.HAL_TIM_IC_Start), (272 bytes).
    Removing stm32h7xx_hal_tim.o(i.HAL_TIM_IC_Start_DMA), (460 bytes).
    Removing stm32h7xx_hal_tim.o(i.HAL_TIM_IC_Start_IT), (308 bytes).
    Removing stm32h7xx_hal_tim.o(i.HAL_TIM_IC_Stop), (118 bytes).
    Removing stm32h7xx_hal_tim.o(i.HAL_TIM_IC_Stop_DMA), (194 bytes).
    Removing stm32h7xx_hal_tim.o(i.HAL_TIM_IC_Stop_IT), (170 bytes).
    Removing stm32h7xx_hal_tim.o(i.HAL_TIM_IRQHandler), (386 bytes).
    Removing stm32h7xx_hal_tim.o(i.HAL_TIM_OC_ConfigChannel), (104 bytes).
    Removing stm32h7xx_hal_tim.o(i.HAL_TIM_OC_DeInit), (100 bytes).
    Removing stm32h7xx_hal_tim.o(i.HAL_TIM_OC_DelayElapsedCallback), (2 bytes).
    Removing stm32h7xx_hal_tim.o(i.HAL_TIM_OC_GetState), (6 bytes).
    Removing stm32h7xx_hal_tim.o(i.HAL_TIM_OC_Init), (98 bytes).
    Removing stm32h7xx_hal_tim.o(i.HAL_TIM_OC_MspDeInit), (2 bytes).
    Removing stm32h7xx_hal_tim.o(i.HAL_TIM_OC_MspInit), (2 bytes).
    Removing stm32h7xx_hal_tim.o(i.HAL_TIM_OC_Start), (268 bytes).
    Removing stm32h7xx_hal_tim.o(i.HAL_TIM_OC_Start_DMA), (512 bytes).
    Removing stm32h7xx_hal_tim.o(i.HAL_TIM_OC_Start_IT), (308 bytes).
    Removing stm32h7xx_hal_tim.o(i.HAL_TIM_OC_Stop), (176 bytes).
    Removing stm32h7xx_hal_tim.o(i.HAL_TIM_OC_Stop_DMA), (244 bytes).
    Removing stm32h7xx_hal_tim.o(i.HAL_TIM_OC_Stop_IT), (228 bytes).
    Removing stm32h7xx_hal_tim.o(i.HAL_TIM_OnePulse_ConfigChannel), (236 bytes).
    Removing stm32h7xx_hal_tim.o(i.HAL_TIM_OnePulse_DeInit), (76 bytes).
    Removing stm32h7xx_hal_tim.o(i.HAL_TIM_OnePulse_GetState), (6 bytes).
    Removing stm32h7xx_hal_tim.o(i.HAL_TIM_OnePulse_Init), (94 bytes).
    Removing stm32h7xx_hal_tim.o(i.HAL_TIM_OnePulse_MspDeInit), (2 bytes).
    Removing stm32h7xx_hal_tim.o(i.HAL_TIM_OnePulse_MspInit), (2 bytes).
    Removing stm32h7xx_hal_tim.o(i.HAL_TIM_OnePulse_Start), (144 bytes).
    Removing stm32h7xx_hal_tim.o(i.HAL_TIM_OnePulse_Start_IT), (164 bytes).
    Removing stm32h7xx_hal_tim.o(i.HAL_TIM_OnePulse_Stop), (148 bytes).
    Removing stm32h7xx_hal_tim.o(i.HAL_TIM_OnePulse_Stop_IT), (168 bytes).
    Removing stm32h7xx_hal_tim.o(i.HAL_TIM_PWM_ConfigChannel), (286 bytes).
    Removing stm32h7xx_hal_tim.o(i.HAL_TIM_PWM_DeInit), (100 bytes).
    Removing stm32h7xx_hal_tim.o(i.HAL_TIM_PWM_GetState), (6 bytes).
    Removing stm32h7xx_hal_tim.o(i.HAL_TIM_PWM_Init), (98 bytes).
    Removing stm32h7xx_hal_tim.o(i.HAL_TIM_PWM_MspDeInit), (2 bytes).
    Removing stm32h7xx_hal_tim.o(i.HAL_TIM_PWM_MspInit), (2 bytes).
    Removing stm32h7xx_hal_tim.o(i.HAL_TIM_PWM_PulseFinishedCallback), (2 bytes).
    Removing stm32h7xx_hal_tim.o(i.HAL_TIM_PWM_PulseFinishedHalfCpltCallback), (2 bytes).
    Removing stm32h7xx_hal_tim.o(i.HAL_TIM_PWM_Start), (268 bytes).
    Removing stm32h7xx_hal_tim.o(i.HAL_TIM_PWM_Start_DMA), (512 bytes).
    Removing stm32h7xx_hal_tim.o(i.HAL_TIM_PWM_Start_IT), (308 bytes).
    Removing stm32h7xx_hal_tim.o(i.HAL_TIM_PWM_Stop), (176 bytes).
    Removing stm32h7xx_hal_tim.o(i.HAL_TIM_PWM_Stop_DMA), (244 bytes).
    Removing stm32h7xx_hal_tim.o(i.HAL_TIM_PWM_Stop_IT), (228 bytes).
    Removing stm32h7xx_hal_tim.o(i.HAL_TIM_PeriodElapsedCallback), (2 bytes).
    Removing stm32h7xx_hal_tim.o(i.HAL_TIM_PeriodElapsedHalfCpltCallback), (2 bytes).
    Removing stm32h7xx_hal_tim.o(i.HAL_TIM_ReadCapturedValue), (44 bytes).
    Removing stm32h7xx_hal_tim.o(i.HAL_TIM_SlaveConfigSynchro), (86 bytes).
    Removing stm32h7xx_hal_tim.o(i.HAL_TIM_SlaveConfigSynchro_IT), (86 bytes).
    Removing stm32h7xx_hal_tim.o(i.HAL_TIM_TriggerCallback), (2 bytes).
    Removing stm32h7xx_hal_tim.o(i.HAL_TIM_TriggerHalfCpltCallback), (2 bytes).
    Removing stm32h7xx_hal_tim.o(i.TIM_CCxChannelCmd), (26 bytes).
    Removing stm32h7xx_hal_tim.o(i.TIM_DMACaptureCplt), (110 bytes).
    Removing stm32h7xx_hal_tim.o(i.TIM_DMACaptureHalfCplt), (56 bytes).
    Removing stm32h7xx_hal_tim.o(i.TIM_DMADelayPulseCplt), (94 bytes).
    Removing stm32h7xx_hal_tim.o(i.TIM_DMADelayPulseHalfCplt), (56 bytes).
    Removing stm32h7xx_hal_tim.o(i.TIM_DMAError), (84 bytes).
    Removing stm32h7xx_hal_tim.o(i.TIM_DMAPeriodElapsedCplt), (22 bytes).
    Removing stm32h7xx_hal_tim.o(i.TIM_DMAPeriodElapsedHalfCplt), (10 bytes).
    Removing stm32h7xx_hal_tim.o(i.TIM_DMATriggerCplt), (22 bytes).
    Removing stm32h7xx_hal_tim.o(i.TIM_DMATriggerHalfCplt), (10 bytes).
    Removing stm32h7xx_hal_tim.o(i.TIM_OC1_SetConfig), (168 bytes).
    Removing stm32h7xx_hal_tim.o(i.TIM_OC2_SetConfig), (152 bytes).
    Removing stm32h7xx_hal_tim.o(i.TIM_OC3_SetConfig), (140 bytes).
    Removing stm32h7xx_hal_tim.o(i.TIM_OC4_SetConfig), (108 bytes).
    Removing stm32h7xx_hal_tim.o(i.TIM_OC5_SetConfig), (108 bytes).
    Removing stm32h7xx_hal_tim.o(i.TIM_OC6_SetConfig), (108 bytes).
    Removing stm32h7xx_hal_tim.o(i.TIM_SlaveTimer_SetConfig), (148 bytes).
    Removing stm32h7xx_hal_tim.o(i.TIM_TI1_SetConfig), (128 bytes).
    Removing stm32h7xx_hal_tim.o(i.TIM_TI2_SetConfig), (54 bytes).
    Removing stm32h7xx_hal_tim_ex.o(.rev16_text), (4 bytes).
    Removing stm32h7xx_hal_tim_ex.o(.revsh_text), (4 bytes).
    Removing stm32h7xx_hal_tim_ex.o(.rrx_text), (6 bytes).
    Removing stm32h7xx_hal_tim_ex.o(i.HAL_TIMEx_Break2Callback), (2 bytes).
    Removing stm32h7xx_hal_tim_ex.o(i.HAL_TIMEx_BreakCallback), (2 bytes).
    Removing stm32h7xx_hal_tim_ex.o(i.HAL_TIMEx_CommutCallback), (2 bytes).
    Removing stm32h7xx_hal_tim_ex.o(i.HAL_TIMEx_CommutHalfCpltCallback), (2 bytes).
    Removing stm32h7xx_hal_tim_ex.o(i.HAL_TIMEx_ConfigBreakDeadTime), (160 bytes).
    Removing stm32h7xx_hal_tim_ex.o(i.HAL_TIMEx_ConfigBreakInput), (202 bytes).
    Removing stm32h7xx_hal_tim_ex.o(i.HAL_TIMEx_ConfigCommutEvent), (128 bytes).
    Removing stm32h7xx_hal_tim_ex.o(i.HAL_TIMEx_ConfigCommutEvent_DMA), (160 bytes).
    Removing stm32h7xx_hal_tim_ex.o(i.HAL_TIMEx_ConfigCommutEvent_IT), (128 bytes).
    Removing stm32h7xx_hal_tim_ex.o(i.HAL_TIMEx_GetChannelNState), (34 bytes).
    Removing stm32h7xx_hal_tim_ex.o(i.HAL_TIMEx_GroupChannel5), (58 bytes).
    Removing stm32h7xx_hal_tim_ex.o(i.HAL_TIMEx_HallSensor_DeInit), (76 bytes).
    Removing stm32h7xx_hal_tim_ex.o(i.HAL_TIMEx_HallSensor_GetState), (6 bytes).
    Removing stm32h7xx_hal_tim_ex.o(i.HAL_TIMEx_HallSensor_Init), (220 bytes).
    Removing stm32h7xx_hal_tim_ex.o(i.HAL_TIMEx_HallSensor_MspDeInit), (2 bytes).
    Removing stm32h7xx_hal_tim_ex.o(i.HAL_TIMEx_HallSensor_MspInit), (2 bytes).
    Removing stm32h7xx_hal_tim_ex.o(i.HAL_TIMEx_HallSensor_Start), (168 bytes).
    Removing stm32h7xx_hal_tim_ex.o(i.HAL_TIMEx_HallSensor_Start_DMA), (224 bytes).
    Removing stm32h7xx_hal_tim_ex.o(i.HAL_TIMEx_HallSensor_Start_IT), (180 bytes).
    Removing stm32h7xx_hal_tim_ex.o(i.HAL_TIMEx_HallSensor_Stop), (64 bytes).
    Removing stm32h7xx_hal_tim_ex.o(i.HAL_TIMEx_HallSensor_Stop_DMA), (72 bytes).
    Removing stm32h7xx_hal_tim_ex.o(i.HAL_TIMEx_HallSensor_Stop_IT), (74 bytes).
    Removing stm32h7xx_hal_tim_ex.o(i.HAL_TIMEx_OCN_Start), (196 bytes).
    Removing stm32h7xx_hal_tim_ex.o(i.HAL_TIMEx_OCN_Start_DMA), (380 bytes).
    Removing stm32h7xx_hal_tim_ex.o(i.HAL_TIMEx_OCN_Start_IT), (232 bytes).
    Removing stm32h7xx_hal_tim_ex.o(i.HAL_TIMEx_OCN_Stop), (104 bytes).
    Removing stm32h7xx_hal_tim_ex.o(i.HAL_TIMEx_OCN_Stop_DMA), (158 bytes).
    Removing stm32h7xx_hal_tim_ex.o(i.HAL_TIMEx_OCN_Stop_IT), (162 bytes).
    Removing stm32h7xx_hal_tim_ex.o(i.HAL_TIMEx_OnePulseN_Start), (100 bytes).
    Removing stm32h7xx_hal_tim_ex.o(i.HAL_TIMEx_OnePulseN_Start_IT), (120 bytes).
    Removing stm32h7xx_hal_tim_ex.o(i.HAL_TIMEx_OnePulseN_Stop), (102 bytes).
    Removing stm32h7xx_hal_tim_ex.o(i.HAL_TIMEx_OnePulseN_Stop_IT), (124 bytes).
    Removing stm32h7xx_hal_tim_ex.o(i.HAL_TIMEx_PWMN_Start), (196 bytes).
    Removing stm32h7xx_hal_tim_ex.o(i.HAL_TIMEx_PWMN_Start_DMA), (380 bytes).
    Removing stm32h7xx_hal_tim_ex.o(i.HAL_TIMEx_PWMN_Start_IT), (232 bytes).
    Removing stm32h7xx_hal_tim_ex.o(i.HAL_TIMEx_PWMN_Stop), (104 bytes).
    Removing stm32h7xx_hal_tim_ex.o(i.HAL_TIMEx_PWMN_Stop_DMA), (158 bytes).
    Removing stm32h7xx_hal_tim_ex.o(i.HAL_TIMEx_PWMN_Stop_IT), (162 bytes).
    Removing stm32h7xx_hal_tim_ex.o(i.HAL_TIMEx_RemapConfig), (42 bytes).
    Removing stm32h7xx_hal_tim_ex.o(i.HAL_TIMEx_TISelection), (96 bytes).
    Removing stm32h7xx_hal_tim_ex.o(i.TIMEx_DMACommutationCplt), (16 bytes).
    Removing stm32h7xx_hal_tim_ex.o(i.TIMEx_DMACommutationHalfCplt), (16 bytes).
    Removing stm32h7xx_hal_tim_ex.o(i.TIM_CCxNChannelCmd), (26 bytes).
    Removing stm32h7xx_hal_tim_ex.o(i.TIM_DMADelayPulseNCplt), (94 bytes).
    Removing stm32h7xx_hal_tim_ex.o(i.TIM_DMAErrorCCxN), (62 bytes).
    Removing system_stm32h7xx.o(.rev16_text), (4 bytes).
    Removing system_stm32h7xx.o(.revsh_text), (4 bytes).
    Removing system_stm32h7xx.o(.rrx_text), (6 bytes).
    Removing system_stm32h7xx.o(i.SystemCoreClockUpdate), (320 bytes).

564 unused section(s) (total 60050 bytes) removed from the image.

==============================================================================

Image Symbol Table

    Local Symbols

    Symbol Name                              Value     Ov Type        Size  Object(Section)

    ../Core/Src/main.c                       0x00000000   Number         0  main.o ABSOLUTE
    ../Core/Src/stm32h7xx_hal_msp.c          0x00000000   Number         0  stm32h7xx_hal_msp.o ABSOLUTE
    ../Core/Src/stm32h7xx_it.c               0x00000000   Number         0  stm32h7xx_it.o ABSOLUTE
    ../Core/Src/system_stm32h7xx.c           0x00000000   Number         0  system_stm32h7xx.o ABSOLUTE
    ../Drivers/STM32H7xx_HAL_Driver/Src/stm32h7xx_hal.c 0x00000000   Number         0  stm32h7xx_hal.o ABSOLUTE
    ../Drivers/STM32H7xx_HAL_Driver/Src/stm32h7xx_hal_cortex.c 0x00000000   Number         0  stm32h7xx_hal_cortex.o ABSOLUTE
    ../Drivers/STM32H7xx_HAL_Driver/Src/stm32h7xx_hal_dma.c 0x00000000   Number         0  stm32h7xx_hal_dma.o ABSOLUTE
    ../Drivers/STM32H7xx_HAL_Driver/Src/stm32h7xx_hal_dma_ex.c 0x00000000   Number         0  stm32h7xx_hal_dma_ex.o ABSOLUTE
    ../Drivers/STM32H7xx_HAL_Driver/Src/stm32h7xx_hal_exti.c 0x00000000   Number         0  stm32h7xx_hal_exti.o ABSOLUTE
    ../Drivers/STM32H7xx_HAL_Driver/Src/stm32h7xx_hal_flash.c 0x00000000   Number         0  stm32h7xx_hal_flash.o ABSOLUTE
    ../Drivers/STM32H7xx_HAL_Driver/Src/stm32h7xx_hal_flash_ex.c 0x00000000   Number         0  stm32h7xx_hal_flash_ex.o ABSOLUTE
    ../Drivers/STM32H7xx_HAL_Driver/Src/stm32h7xx_hal_gpio.c 0x00000000   Number         0  stm32h7xx_hal_gpio.o ABSOLUTE
    ../Drivers/STM32H7xx_HAL_Driver/Src/stm32h7xx_hal_hsem.c 0x00000000   Number         0  stm32h7xx_hal_hsem.o ABSOLUTE
    ../Drivers/STM32H7xx_HAL_Driver/Src/stm32h7xx_hal_i2c.c 0x00000000   Number         0  stm32h7xx_hal_i2c.o ABSOLUTE
    ../Drivers/STM32H7xx_HAL_Driver/Src/stm32h7xx_hal_i2c_ex.c 0x00000000   Number         0  stm32h7xx_hal_i2c_ex.o ABSOLUTE
    ../Drivers/STM32H7xx_HAL_Driver/Src/stm32h7xx_hal_mdma.c 0x00000000   Number         0  stm32h7xx_hal_mdma.o ABSOLUTE
    ../Drivers/STM32H7xx_HAL_Driver/Src/stm32h7xx_hal_pwr.c 0x00000000   Number         0  stm32h7xx_hal_pwr.o ABSOLUTE
    ../Drivers/STM32H7xx_HAL_Driver/Src/stm32h7xx_hal_pwr_ex.c 0x00000000   Number         0  stm32h7xx_hal_pwr_ex.o ABSOLUTE
    ../Drivers/STM32H7xx_HAL_Driver/Src/stm32h7xx_hal_rcc.c 0x00000000   Number         0  stm32h7xx_hal_rcc.o ABSOLUTE
    ../Drivers/STM32H7xx_HAL_Driver/Src/stm32h7xx_hal_rcc_ex.c 0x00000000   Number         0  stm32h7xx_hal_rcc_ex.o ABSOLUTE
    ../Drivers/STM32H7xx_HAL_Driver/Src/stm32h7xx_hal_tim.c 0x00000000   Number         0  stm32h7xx_hal_tim.o ABSOLUTE
    ../Drivers/STM32H7xx_HAL_Driver/Src/stm32h7xx_hal_tim_ex.c 0x00000000   Number         0  stm32h7xx_hal_tim_ex.o ABSOLUTE
    ../clib/angel/boardlib.s                 0x00000000   Number         0  boardshut.o ABSOLUTE
    ../clib/angel/boardlib.s                 0x00000000   Number         0  boardinit2.o ABSOLUTE
    ../clib/angel/boardlib.s                 0x00000000   Number         0  boardinit1.o ABSOLUTE
    ../clib/angel/boardlib.s                 0x00000000   Number         0  boardinit3.o ABSOLUTE
    ../clib/angel/handlers.s                 0x00000000   Number         0  __scatter_zi.o ABSOLUTE
    ../clib/angel/handlers.s                 0x00000000   Number         0  __scatter_copy.o ABSOLUTE
    ../clib/angel/kernel.s                   0x00000000   Number         0  rtexit.o ABSOLUTE
    ../clib/angel/kernel.s                   0x00000000   Number         0  __rtentry.o ABSOLUTE
    ../clib/angel/kernel.s                   0x00000000   Number         0  __rtentry4.o ABSOLUTE
    ../clib/angel/kernel.s                   0x00000000   Number         0  __rtentry2.o ABSOLUTE
    ../clib/angel/kernel.s                   0x00000000   Number         0  rtexit2.o ABSOLUTE
    ../clib/angel/rt.s                       0x00000000   Number         0  rt_raise.o ABSOLUTE
    ../clib/angel/scatter.s                  0x00000000   Number         0  __scatter.o ABSOLUTE
    ../clib/angel/startup.s                  0x00000000   Number         0  __main.o ABSOLUTE
    ../clib/angel/sys.s                      0x00000000   Number         0  libspace.o ABSOLUTE
    ../clib/angel/sys.s                      0x00000000   Number         0  use_no_semi.o ABSOLUTE
    ../clib/angel/sys.s                      0x00000000   Number         0  indicate_semi.o ABSOLUTE
    ../clib/angel/sys.s                      0x00000000   Number         0  sys_stackheap_outer.o ABSOLUTE
    ../clib/angel/sysapp.c                   0x00000000   Number         0  sys_command.o ABSOLUTE
    ../clib/angel/sysapp.c                   0x00000000   Number         0  sys_wrch.o ABSOLUTE
    ../clib/angel/sysapp.c                   0x00000000   Number         0  sys_exit.o ABSOLUTE
    ../clib/armsys.c                         0x00000000   Number         0  _get_argv_nomalloc.o ABSOLUTE
    ../clib/armsys.c                         0x00000000   Number         0  no_argv.o ABSOLUTE
    ../clib/armsys.c                         0x00000000   Number         0  argv_veneer.o ABSOLUTE
    ../clib/armsys.c                         0x00000000   Number         0  argv_veneer.o ABSOLUTE
    ../clib/heapalloc.c                      0x00000000   Number         0  hrguard.o ABSOLUTE
    ../clib/heapaux.c                        0x00000000   Number         0  heapauxi.o ABSOLUTE
    ../clib/libinit.s                        0x00000000   Number         0  libinit2.o ABSOLUTE
    ../clib/libinit.s                        0x00000000   Number         0  libshutdown2.o ABSOLUTE
    ../clib/libinit.s                        0x00000000   Number         0  libshutdown.o ABSOLUTE
    ../clib/libinit.s                        0x00000000   Number         0  libinit.o ABSOLUTE
    ../clib/memcpset.s                       0x00000000   Number         0  rt_memclr_w.o ABSOLUTE
    ../clib/signal.c                         0x00000000   Number         0  defsig_rtmem_outer.o ABSOLUTE
    ../clib/signal.c                         0x00000000   Number         0  __raise.o ABSOLUTE
    ../clib/signal.c                         0x00000000   Number         0  defsig_abrt_inner.o ABSOLUTE
    ../clib/signal.c                         0x00000000   Number         0  defsig_fpe_inner.o ABSOLUTE
    ../clib/signal.c                         0x00000000   Number         0  defsig_rtmem_inner.o ABSOLUTE
    ../clib/signal.c                         0x00000000   Number         0  defsig_rtred_inner.o ABSOLUTE
    ../clib/signal.c                         0x00000000   Number         0  defsig_stak_inner.o ABSOLUTE
    ../clib/signal.c                         0x00000000   Number         0  defsig_pvfn_inner.o ABSOLUTE
    ../clib/signal.c                         0x00000000   Number         0  defsig_cppl_inner.o ABSOLUTE
    ../clib/signal.c                         0x00000000   Number         0  defsig_exit.o ABSOLUTE
    ../clib/signal.c                         0x00000000   Number         0  defsig_segv_inner.o ABSOLUTE
    ../clib/signal.c                         0x00000000   Number         0  defsig_other.o ABSOLUTE
    ../clib/signal.c                         0x00000000   Number         0  defsig_rtmem_formal.o ABSOLUTE
    ../clib/signal.c                         0x00000000   Number         0  defsig_general.o ABSOLUTE
    ../clib/signal.s                         0x00000000   Number         0  defsig.o ABSOLUTE
    ../clib/stdlib.c                         0x00000000   Number         0  exit.o ABSOLUTE
    ../fplib/fpinit.s                        0x00000000   Number         0  fpinit.o ABSOLUTE
    ..\Core\Src\main.c                       0x00000000   Number         0  main.o ABSOLUTE
    ..\Core\Src\stm32h7xx_hal_msp.c          0x00000000   Number         0  stm32h7xx_hal_msp.o ABSOLUTE
    ..\Core\Src\stm32h7xx_it.c               0x00000000   Number         0  stm32h7xx_it.o ABSOLUTE
    ..\Core\Src\system_stm32h7xx.c           0x00000000   Number         0  system_stm32h7xx.o ABSOLUTE
    ..\Drivers\STM32H7xx_HAL_Driver\Src\stm32h7xx_hal.c 0x00000000   Number         0  stm32h7xx_hal.o ABSOLUTE
    ..\Drivers\STM32H7xx_HAL_Driver\Src\stm32h7xx_hal_cortex.c 0x00000000   Number         0  stm32h7xx_hal_cortex.o ABSOLUTE
    ..\Drivers\STM32H7xx_HAL_Driver\Src\stm32h7xx_hal_dma.c 0x00000000   Number         0  stm32h7xx_hal_dma.o ABSOLUTE
    ..\Drivers\STM32H7xx_HAL_Driver\Src\stm32h7xx_hal_dma_ex.c 0x00000000   Number         0  stm32h7xx_hal_dma_ex.o ABSOLUTE
    ..\Drivers\STM32H7xx_HAL_Driver\Src\stm32h7xx_hal_exti.c 0x00000000   Number         0  stm32h7xx_hal_exti.o ABSOLUTE
    ..\Drivers\STM32H7xx_HAL_Driver\Src\stm32h7xx_hal_flash.c 0x00000000   Number         0  stm32h7xx_hal_flash.o ABSOLUTE
    ..\Drivers\STM32H7xx_HAL_Driver\Src\stm32h7xx_hal_flash_ex.c 0x00000000   Number         0  stm32h7xx_hal_flash_ex.o ABSOLUTE
    ..\Drivers\STM32H7xx_HAL_Driver\Src\stm32h7xx_hal_gpio.c 0x00000000   Number         0  stm32h7xx_hal_gpio.o ABSOLUTE
    ..\Drivers\STM32H7xx_HAL_Driver\Src\stm32h7xx_hal_hsem.c 0x00000000   Number         0  stm32h7xx_hal_hsem.o ABSOLUTE
    ..\Drivers\STM32H7xx_HAL_Driver\Src\stm32h7xx_hal_i2c.c 0x00000000   Number         0  stm32h7xx_hal_i2c.o ABSOLUTE
    ..\Drivers\STM32H7xx_HAL_Driver\Src\stm32h7xx_hal_i2c_ex.c 0x00000000   Number         0  stm32h7xx_hal_i2c_ex.o ABSOLUTE
    ..\Drivers\STM32H7xx_HAL_Driver\Src\stm32h7xx_hal_mdma.c 0x00000000   Number         0  stm32h7xx_hal_mdma.o ABSOLUTE
    ..\Drivers\STM32H7xx_HAL_Driver\Src\stm32h7xx_hal_pwr.c 0x00000000   Number         0  stm32h7xx_hal_pwr.o ABSOLUTE
    ..\Drivers\STM32H7xx_HAL_Driver\Src\stm32h7xx_hal_pwr_ex.c 0x00000000   Number         0  stm32h7xx_hal_pwr_ex.o ABSOLUTE
    ..\Drivers\STM32H7xx_HAL_Driver\Src\stm32h7xx_hal_rcc.c 0x00000000   Number         0  stm32h7xx_hal_rcc.o ABSOLUTE
    ..\Drivers\STM32H7xx_HAL_Driver\Src\stm32h7xx_hal_rcc_ex.c 0x00000000   Number         0  stm32h7xx_hal_rcc_ex.o ABSOLUTE
    ..\Drivers\STM32H7xx_HAL_Driver\Src\stm32h7xx_hal_tim.c 0x00000000   Number         0  stm32h7xx_hal_tim.o ABSOLUTE
    ..\Drivers\STM32H7xx_HAL_Driver\Src\stm32h7xx_hal_tim_ex.c 0x00000000   Number         0  stm32h7xx_hal_tim_ex.o ABSOLUTE
    dc.s                                     0x00000000   Number         0  dc.o ABSOLUTE
    startup_stm32h743xx.s                    0x00000000   Number         0  startup_stm32h743xx.o ABSOLUTE
    RESET                                    0x08000000   Section      664  startup_stm32h743xx.o(RESET)
    !!!main                                  0x08000298   Section        8  __main.o(!!!main)
    !!!scatter                               0x080002a0   Section       52  __scatter.o(!!!scatter)
    !!handler_copy                           0x080002d4   Section       26  __scatter_copy.o(!!handler_copy)
    !!handler_zi                             0x080002f0   Section       28  __scatter_zi.o(!!handler_zi)
    .ARM.Collect$$libinit$$00000000          0x0800030c   Section        2  libinit.o(.ARM.Collect$$libinit$$00000000)
    .ARM.Collect$$libinit$$00000001          0x0800030e   Section        4  libinit2.o(.ARM.Collect$$libinit$$00000001)
    .ARM.Collect$$libinit$$00000004          0x08000312   Section        0  libinit2.o(.ARM.Collect$$libinit$$00000004)
    .ARM.Collect$$libinit$$0000000A          0x08000312   Section        0  libinit2.o(.ARM.Collect$$libinit$$0000000A)
    .ARM.Collect$$libinit$$0000000C          0x08000312   Section        0  libinit2.o(.ARM.Collect$$libinit$$0000000C)
    .ARM.Collect$$libinit$$0000000E          0x08000312   Section        0  libinit2.o(.ARM.Collect$$libinit$$0000000E)
    .ARM.Collect$$libinit$$00000011          0x08000312   Section        0  libinit2.o(.ARM.Collect$$libinit$$00000011)
    .ARM.Collect$$libinit$$00000013          0x08000312   Section        0  libinit2.o(.ARM.Collect$$libinit$$00000013)
    .ARM.Collect$$libinit$$00000015          0x08000312   Section        0  libinit2.o(.ARM.Collect$$libinit$$00000015)
    .ARM.Collect$$libinit$$00000017          0x08000312   Section        0  libinit2.o(.ARM.Collect$$libinit$$00000017)
    .ARM.Collect$$libinit$$00000019          0x08000312   Section        0  libinit2.o(.ARM.Collect$$libinit$$00000019)
    .ARM.Collect$$libinit$$0000001B          0x08000312   Section        0  libinit2.o(.ARM.Collect$$libinit$$0000001B)
    .ARM.Collect$$libinit$$0000001D          0x08000312   Section        0  libinit2.o(.ARM.Collect$$libinit$$0000001D)
    .ARM.Collect$$libinit$$0000001F          0x08000312   Section        0  libinit2.o(.ARM.Collect$$libinit$$0000001F)
    .ARM.Collect$$libinit$$00000021          0x08000312   Section        0  libinit2.o(.ARM.Collect$$libinit$$00000021)
    .ARM.Collect$$libinit$$00000023          0x08000312   Section        0  libinit2.o(.ARM.Collect$$libinit$$00000023)
    .ARM.Collect$$libinit$$00000025          0x08000312   Section        0  libinit2.o(.ARM.Collect$$libinit$$00000025)
    .ARM.Collect$$libinit$$0000002C          0x08000312   Section        0  libinit2.o(.ARM.Collect$$libinit$$0000002C)
    .ARM.Collect$$libinit$$0000002E          0x08000312   Section        0  libinit2.o(.ARM.Collect$$libinit$$0000002E)
    .ARM.Collect$$libinit$$00000030          0x08000312   Section        0  libinit2.o(.ARM.Collect$$libinit$$00000030)
    .ARM.Collect$$libinit$$00000032          0x08000312   Section        0  libinit2.o(.ARM.Collect$$libinit$$00000032)
    .ARM.Collect$$libinit$$00000033          0x08000312   Section        2  libinit2.o(.ARM.Collect$$libinit$$00000033)
    .ARM.Collect$$libshutdown$$00000000      0x08000314   Section        2  libshutdown.o(.ARM.Collect$$libshutdown$$00000000)
    .ARM.Collect$$libshutdown$$00000002      0x08000316   Section        0  libshutdown2.o(.ARM.Collect$$libshutdown$$00000002)
    .ARM.Collect$$libshutdown$$00000004      0x08000316   Section        0  libshutdown2.o(.ARM.Collect$$libshutdown$$00000004)
    .ARM.Collect$$libshutdown$$00000006      0x08000316   Section        0  libshutdown2.o(.ARM.Collect$$libshutdown$$00000006)
    .ARM.Collect$$libshutdown$$00000009      0x08000316   Section        0  libshutdown2.o(.ARM.Collect$$libshutdown$$00000009)
    .ARM.Collect$$libshutdown$$0000000C      0x08000316   Section        0  libshutdown2.o(.ARM.Collect$$libshutdown$$0000000C)
    .ARM.Collect$$libshutdown$$0000000E      0x08000316   Section        0  libshutdown2.o(.ARM.Collect$$libshutdown$$0000000E)
    .ARM.Collect$$libshutdown$$00000011      0x08000316   Section        0  libshutdown2.o(.ARM.Collect$$libshutdown$$00000011)
    .ARM.Collect$$libshutdown$$00000012      0x08000316   Section        2  libshutdown2.o(.ARM.Collect$$libshutdown$$00000012)
    .ARM.Collect$$rtentry$$00000000          0x08000318   Section        0  __rtentry.o(.ARM.Collect$$rtentry$$00000000)
    .ARM.Collect$$rtentry$$00000002          0x08000318   Section        0  __rtentry2.o(.ARM.Collect$$rtentry$$00000002)
    .ARM.Collect$$rtentry$$00000004          0x08000318   Section        6  __rtentry4.o(.ARM.Collect$$rtentry$$00000004)
    .ARM.Collect$$rtentry$$00000009          0x0800031e   Section        0  __rtentry2.o(.ARM.Collect$$rtentry$$00000009)
    .ARM.Collect$$rtentry$$0000000A          0x0800031e   Section        4  __rtentry2.o(.ARM.Collect$$rtentry$$0000000A)
    .ARM.Collect$$rtentry$$0000000C          0x08000322   Section        0  __rtentry2.o(.ARM.Collect$$rtentry$$0000000C)
    .ARM.Collect$$rtentry$$0000000D          0x08000322   Section        8  __rtentry2.o(.ARM.Collect$$rtentry$$0000000D)
    .ARM.Collect$$rtexit$$00000000           0x0800032a   Section        2  rtexit.o(.ARM.Collect$$rtexit$$00000000)
    .ARM.Collect$$rtexit$$00000002           0x0800032c   Section        0  rtexit2.o(.ARM.Collect$$rtexit$$00000002)
    .ARM.Collect$$rtexit$$00000003           0x0800032c   Section        4  rtexit2.o(.ARM.Collect$$rtexit$$00000003)
    .ARM.Collect$$rtexit$$00000004           0x08000330   Section        6  rtexit2.o(.ARM.Collect$$rtexit$$00000004)
    .text                                    0x08000338   Section       64  startup_stm32h743xx.o(.text)
    $v0                                      0x08000338   Number         0  startup_stm32h743xx.o(.text)
    .text                                    0x08000378   Section       78  rt_memclr_w.o(.text)
    .text                                    0x080003c6   Section        0  heapauxi.o(.text)
    .text                                    0x080003cc   Section       74  sys_stackheap_outer.o(.text)
    .text                                    0x08000416   Section        0  exit.o(.text)
    .text                                    0x08000428   Section        8  libspace.o(.text)
    .text                                    0x08000430   Section        0  sys_exit.o(.text)
    .text                                    0x0800043c   Section        2  use_no_semi.o(.text)
    .text                                    0x0800043e   Section        0  indicate_semi.o(.text)
    i.BusFault_Handler                       0x0800043e   Section        0  stm32h7xx_it.o(i.BusFault_Handler)
    i.DebugMon_Handler                       0x08000440   Section        0  stm32h7xx_it.o(i.DebugMon_Handler)
    i.EXTI9_5_IRQHandler                     0x08000442   Section        0  stm32h7xx_it.o(i.EXTI9_5_IRQHandler)
    i.HAL_Delay                              0x0800044c   Section        0  stm32h7xx_hal.o(i.HAL_Delay)
    i.HAL_GPIO_EXTI_Callback                 0x08000470   Section        0  main.o(i.HAL_GPIO_EXTI_Callback)
    i.HAL_GPIO_EXTI_IRQHandler               0x080004f8   Section        0  stm32h7xx_hal_gpio.o(i.HAL_GPIO_EXTI_IRQHandler)
    i.HAL_GPIO_Init                          0x08000510   Section        0  stm32h7xx_hal_gpio.o(i.HAL_GPIO_Init)
    i.HAL_GPIO_ReadPin                       0x08000740   Section        0  stm32h7xx_hal_gpio.o(i.HAL_GPIO_ReadPin)
    i.HAL_GPIO_WritePin                      0x0800074a   Section        0  stm32h7xx_hal_gpio.o(i.HAL_GPIO_WritePin)
    i.HAL_GetREVID                           0x08000754   Section        0  stm32h7xx_hal.o(i.HAL_GetREVID)
    i.HAL_GetTick                            0x08000760   Section        0  stm32h7xx_hal.o(i.HAL_GetTick)
    i.HAL_IncTick                            0x0800076c   Section        0  stm32h7xx_hal.o(i.HAL_IncTick)
    i.HAL_Init                               0x0800077c   Section        0  stm32h7xx_hal.o(i.HAL_Init)
    i.HAL_InitTick                           0x080007d8   Section        0  stm32h7xx_hal.o(i.HAL_InitTick)
    i.HAL_MspInit                            0x08000818   Section        0  stm32h7xx_hal_msp.o(i.HAL_MspInit)
    i.HAL_NVIC_EnableIRQ                     0x08000834   Section        0  stm32h7xx_hal_cortex.o(i.HAL_NVIC_EnableIRQ)
    i.HAL_NVIC_SetPriority                   0x08000850   Section        0  stm32h7xx_hal_cortex.o(i.HAL_NVIC_SetPriority)
    i.HAL_NVIC_SetPriorityGrouping           0x08000890   Section        0  stm32h7xx_hal_cortex.o(i.HAL_NVIC_SetPriorityGrouping)
    i.HAL_PWREx_ConfigSupply                 0x080008b4   Section        0  stm32h7xx_hal_pwr_ex.o(i.HAL_PWREx_ConfigSupply)
    i.HAL_RCC_ClockConfig                    0x08000908   Section        0  stm32h7xx_hal_rcc.o(i.HAL_RCC_ClockConfig)
    i.HAL_RCC_GetSysClockFreq                0x08000b64   Section        0  stm32h7xx_hal_rcc.o(i.HAL_RCC_GetSysClockFreq)
    i.HAL_RCC_OscConfig                      0x08000c9c   Section        0  stm32h7xx_hal_rcc.o(i.HAL_RCC_OscConfig)
    i.HAL_SYSTICK_Config                     0x080011a4   Section        0  stm32h7xx_hal_cortex.o(i.HAL_SYSTICK_Config)
    i.HAL_TIMEx_MasterConfigSynchronization  0x080011cc   Section        0  stm32h7xx_hal_tim_ex.o(i.HAL_TIMEx_MasterConfigSynchronization)
    i.HAL_TIM_Base_Init                      0x08001264   Section        0  stm32h7xx_hal_tim.o(i.HAL_TIM_Base_Init)
    i.HAL_TIM_Base_MspInit                   0x080012c8   Section        0  stm32h7xx_hal_msp.o(i.HAL_TIM_Base_MspInit)
    i.HAL_TIM_Base_Start                     0x080012ec   Section        0  stm32h7xx_hal_tim.o(i.HAL_TIM_Base_Start)
    i.HAL_TIM_ConfigClockSource              0x08001364   Section        0  stm32h7xx_hal_tim.o(i.HAL_TIM_ConfigClockSource)
    i.HardFault_Handler                      0x0800145c   Section        0  stm32h7xx_it.o(i.HardFault_Handler)
    i.MX_GPIO_Init                           0x08001460   Section        0  main.o(i.MX_GPIO_Init)
    MX_GPIO_Init                             0x08001461   Thumb Code   120  main.o(i.MX_GPIO_Init)
    i.MX_TIM2_Init                           0x080014e4   Section        0  main.o(i.MX_TIM2_Init)
    MX_TIM2_Init                             0x080014e5   Thumb Code    94  main.o(i.MX_TIM2_Init)
    i.MemManage_Handler                      0x08001548   Section        0  stm32h7xx_it.o(i.MemManage_Handler)
    i.NMI_Handler                            0x0800154a   Section        0  stm32h7xx_it.o(i.NMI_Handler)
    i.PendSV_Handler                         0x0800154c   Section        0  stm32h7xx_it.o(i.PendSV_Handler)
    i.SVC_Handler                            0x0800154e   Section        0  stm32h7xx_it.o(i.SVC_Handler)
    i.SysTick_Handler                        0x08001550   Section        0  stm32h7xx_it.o(i.SysTick_Handler)
    i.SystemClock_Config                     0x08001554   Section        0  main.o(i.SystemClock_Config)
    i.SystemInit                             0x080015fc   Section        0  system_stm32h7xx.o(i.SystemInit)
    i.TIM_Base_SetConfig                     0x080016e0   Section        0  stm32h7xx_hal_tim.o(i.TIM_Base_SetConfig)
    i.TIM_ETR_SetConfig                      0x080017a4   Section        0  stm32h7xx_hal_tim.o(i.TIM_ETR_SetConfig)
    i.TIM_ITRx_SetConfig                     0x080017b8   Section        0  stm32h7xx_hal_tim.o(i.TIM_ITRx_SetConfig)
    TIM_ITRx_SetConfig                       0x080017b9   Thumb Code    16  stm32h7xx_hal_tim.o(i.TIM_ITRx_SetConfig)
    i.TIM_TI1_ConfigInputStage               0x080017cc   Section        0  stm32h7xx_hal_tim.o(i.TIM_TI1_ConfigInputStage)
    TIM_TI1_ConfigInputStage                 0x080017cd   Thumb Code    34  stm32h7xx_hal_tim.o(i.TIM_TI1_ConfigInputStage)
    i.TIM_TI2_ConfigInputStage               0x080017ee   Section        0  stm32h7xx_hal_tim.o(i.TIM_TI2_ConfigInputStage)
    TIM_TI2_ConfigInputStage                 0x080017ef   Thumb Code    36  stm32h7xx_hal_tim.o(i.TIM_TI2_ConfigInputStage)
    i.UsageFault_Handler                     0x08001812   Section        0  stm32h7xx_it.o(i.UsageFault_Handler)
    i.__NVIC_SetPriority                     0x08001814   Section        0  stm32h7xx_hal_cortex.o(i.__NVIC_SetPriority)
    __NVIC_SetPriority                       0x08001815   Thumb Code    34  stm32h7xx_hal_cortex.o(i.__NVIC_SetPriority)
    i.bdm_pin_cfg_output                     0x08001838   Section        0  main.o(i.bdm_pin_cfg_output)
    bdm_pin_cfg_output                       0x08001839   Thumb Code    32  main.o(i.bdm_pin_cfg_output)
    i.bdm_read                               0x0800185c   Section        0  main.o(i.bdm_read)
    i.bdm_send                               0x080018ec   Section        0  main.o(i.bdm_send)
    i.bdm_sync                               0x080019b0   Section        0  main.o(i.bdm_sync)
    bdm_sync                                 0x080019b1   Thumb Code   120  main.o(i.bdm_sync)
    i.main                                   0x08001a38   Section        0  main.o(i.main)
    x$fpl$fpinit                             0x08001acc   Section       10  fpinit.o(x$fpl$fpinit)
    $v0                                      0x08001acc   Number         0  fpinit.o(x$fpl$fpinit)
    .constdata                               0x08001ad6   Section       16  system_stm32h7xx.o(.constdata)
    .data                                    0x24000000   Section       32  main.o(.data)
    count                                    0x24000003   Data           1  main.o(.data)
    .data                                    0x24000020   Section       12  stm32h7xx_hal.o(.data)
    .data                                    0x2400002c   Section        8  system_stm32h7xx.o(.data)
    .bss                                     0x24000034   Section      128  main.o(.bss)
    .bss                                     0x240000b4   Section       96  libspace.o(.bss)
    HEAP                                     0x24000118   Section      512  startup_stm32h743xx.o(HEAP)
    Heap_Mem                                 0x24000118   Data         512  startup_stm32h743xx.o(HEAP)
    STACK                                    0x24000318   Section     1024  startup_stm32h743xx.o(STACK)
    Stack_Mem                                0x24000318   Data        1024  startup_stm32h743xx.o(STACK)
    __initial_sp                             0x24000718   Data           0  startup_stm32h743xx.o(STACK)

    Global Symbols

    Symbol Name                              Value     Ov Type        Size  Object(Section)

    BuildAttributes$$THM_ISAv4$E$P$D$K$B$S$7EM$VFPv5_D16$PE$PLD8$A:L22UL41UL21$X:L11$S22US41US21$IEEE1$IW$USESV6$~STKCKD$USESV7$~SHL$OSPACE$ROPI$EBA8$UX$STANDARDLIB$REQ8$PRES8$EABIv2 0x00000000   Number         0  anon$$obj.o ABSOLUTE
    __ARM_use_no_argv                        0x00000000   Number         0  main.o ABSOLUTE
    __ARM_exceptions_init                     - Undefined Weak Reference
    __alloca_initialize                       - Undefined Weak Reference
    __arm_fini_                               - Undefined Weak Reference
    __arm_preinit_                            - Undefined Weak Reference
    __cpp_initialize__aeabi_                  - Undefined Weak Reference
    __cxa_finalize                            - Undefined Weak Reference
    __rt_locale                               - Undefined Weak Reference
    __sigvec_lookup                           - Undefined Weak Reference
    _atexit_init                              - Undefined Weak Reference
    _call_atexit_fns                          - Undefined Weak Reference
    _clock_init                               - Undefined Weak Reference
    _fp_trap_init                             - Undefined Weak Reference
    _fp_trap_shutdown                         - Undefined Weak Reference
    _get_lc_collate                           - Undefined Weak Reference
    _get_lc_ctype                             - Undefined Weak Reference
    _get_lc_monetary                          - Undefined Weak Reference
    _get_lc_numeric                           - Undefined Weak Reference
    _get_lc_time                              - Undefined Weak Reference
    _getenv_init                              - Undefined Weak Reference
    _handle_redirection                       - Undefined Weak Reference
    _init_alloc                               - Undefined Weak Reference
    _init_user_alloc                          - Undefined Weak Reference
    _initio                                   - Undefined Weak Reference
    _rand_init                                - Undefined Weak Reference
    _signal_finish                            - Undefined Weak Reference
    _signal_init                              - Undefined Weak Reference
    _terminate_alloc                          - Undefined Weak Reference
    _terminate_user_alloc                     - Undefined Weak Reference
    _terminateio                              - Undefined Weak Reference
    __Vectors_Size                           0x00000298   Number         0  startup_stm32h743xx.o ABSOLUTE
    __Vectors                                0x08000000   Data           4  startup_stm32h743xx.o(RESET)
    __Vectors_End                            0x08000298   Data           0  startup_stm32h743xx.o(RESET)
    __main                                   0x08000299   Thumb Code     8  __main.o(!!!main)
    __scatterload                            0x080002a1   Thumb Code     0  __scatter.o(!!!scatter)
    __scatterload_rt2                        0x080002a1   Thumb Code    44  __scatter.o(!!!scatter)
    __scatterload_rt2_thumb_only             0x080002a1   Thumb Code     0  __scatter.o(!!!scatter)
    __scatterload_null                       0x080002af   Thumb Code     0  __scatter.o(!!!scatter)
    __scatterload_copy                       0x080002d5   Thumb Code    26  __scatter_copy.o(!!handler_copy)
    __scatterload_zeroinit                   0x080002f1   Thumb Code    28  __scatter_zi.o(!!handler_zi)
    __rt_lib_init                            0x0800030d   Thumb Code     0  libinit.o(.ARM.Collect$$libinit$$00000000)
    __rt_lib_init_fp_1                       0x0800030f   Thumb Code     0  libinit2.o(.ARM.Collect$$libinit$$00000001)
    __rt_lib_init_alloca_1                   0x08000313   Thumb Code     0  libinit2.o(.ARM.Collect$$libinit$$0000002E)
    __rt_lib_init_argv_1                     0x08000313   Thumb Code     0  libinit2.o(.ARM.Collect$$libinit$$0000002C)
    __rt_lib_init_atexit_1                   0x08000313   Thumb Code     0  libinit2.o(.ARM.Collect$$libinit$$0000001B)
    __rt_lib_init_clock_1                    0x08000313   Thumb Code     0  libinit2.o(.ARM.Collect$$libinit$$00000021)
    __rt_lib_init_cpp_1                      0x08000313   Thumb Code     0  libinit2.o(.ARM.Collect$$libinit$$00000032)
    __rt_lib_init_exceptions_1               0x08000313   Thumb Code     0  libinit2.o(.ARM.Collect$$libinit$$00000030)
    __rt_lib_init_fp_trap_1                  0x08000313   Thumb Code     0  libinit2.o(.ARM.Collect$$libinit$$0000001F)
    __rt_lib_init_getenv_1                   0x08000313   Thumb Code     0  libinit2.o(.ARM.Collect$$libinit$$00000023)
    __rt_lib_init_heap_1                     0x08000313   Thumb Code     0  libinit2.o(.ARM.Collect$$libinit$$0000000A)
    __rt_lib_init_lc_collate_1               0x08000313   Thumb Code     0  libinit2.o(.ARM.Collect$$libinit$$00000011)
    __rt_lib_init_lc_ctype_1                 0x08000313   Thumb Code     0  libinit2.o(.ARM.Collect$$libinit$$00000013)
    __rt_lib_init_lc_monetary_1              0x08000313   Thumb Code     0  libinit2.o(.ARM.Collect$$libinit$$00000015)
    __rt_lib_init_lc_numeric_1               0x08000313   Thumb Code     0  libinit2.o(.ARM.Collect$$libinit$$00000017)
    __rt_lib_init_lc_time_1                  0x08000313   Thumb Code     0  libinit2.o(.ARM.Collect$$libinit$$00000019)
    __rt_lib_init_preinit_1                  0x08000313   Thumb Code     0  libinit2.o(.ARM.Collect$$libinit$$00000004)
    __rt_lib_init_rand_1                     0x08000313   Thumb Code     0  libinit2.o(.ARM.Collect$$libinit$$0000000E)
    __rt_lib_init_return                     0x08000313   Thumb Code     0  libinit2.o(.ARM.Collect$$libinit$$00000033)
    __rt_lib_init_signal_1                   0x08000313   Thumb Code     0  libinit2.o(.ARM.Collect$$libinit$$0000001D)
    __rt_lib_init_stdio_1                    0x08000313   Thumb Code     0  libinit2.o(.ARM.Collect$$libinit$$00000025)
    __rt_lib_init_user_alloc_1               0x08000313   Thumb Code     0  libinit2.o(.ARM.Collect$$libinit$$0000000C)
    __rt_lib_shutdown                        0x08000315   Thumb Code     0  libshutdown.o(.ARM.Collect$$libshutdown$$00000000)
    __rt_lib_shutdown_cpp_1                  0x08000317   Thumb Code     0  libshutdown2.o(.ARM.Collect$$libshutdown$$00000004)
    __rt_lib_shutdown_fini_1                 0x08000317   Thumb Code     0  libshutdown2.o(.ARM.Collect$$libshutdown$$00000002)
    __rt_lib_shutdown_fp_trap_1              0x08000317   Thumb Code     0  libshutdown2.o(.ARM.Collect$$libshutdown$$00000009)
    __rt_lib_shutdown_heap_1                 0x08000317   Thumb Code     0  libshutdown2.o(.ARM.Collect$$libshutdown$$00000011)
    __rt_lib_shutdown_return                 0x08000317   Thumb Code     0  libshutdown2.o(.ARM.Collect$$libshutdown$$00000012)
    __rt_lib_shutdown_signal_1               0x08000317   Thumb Code     0  libshutdown2.o(.ARM.Collect$$libshutdown$$0000000C)
    __rt_lib_shutdown_stdio_1                0x08000317   Thumb Code     0  libshutdown2.o(.ARM.Collect$$libshutdown$$00000006)
    __rt_lib_shutdown_user_alloc_1           0x08000317   Thumb Code     0  libshutdown2.o(.ARM.Collect$$libshutdown$$0000000E)
    __rt_entry                               0x08000319   Thumb Code     0  __rtentry.o(.ARM.Collect$$rtentry$$00000000)
    __rt_entry_presh_1                       0x08000319   Thumb Code     0  __rtentry2.o(.ARM.Collect$$rtentry$$00000002)
    __rt_entry_sh                            0x08000319   Thumb Code     0  __rtentry4.o(.ARM.Collect$$rtentry$$00000004)
    __rt_entry_li                            0x0800031f   Thumb Code     0  __rtentry2.o(.ARM.Collect$$rtentry$$0000000A)
    __rt_entry_postsh_1                      0x0800031f   Thumb Code     0  __rtentry2.o(.ARM.Collect$$rtentry$$00000009)
    __rt_entry_main                          0x08000323   Thumb Code     0  __rtentry2.o(.ARM.Collect$$rtentry$$0000000D)
    __rt_entry_postli_1                      0x08000323   Thumb Code     0  __rtentry2.o(.ARM.Collect$$rtentry$$0000000C)
    __rt_exit                                0x0800032b   Thumb Code     0  rtexit.o(.ARM.Collect$$rtexit$$00000000)
    __rt_exit_ls                             0x0800032d   Thumb Code     0  rtexit2.o(.ARM.Collect$$rtexit$$00000003)
    __rt_exit_prels_1                        0x0800032d   Thumb Code     0  rtexit2.o(.ARM.Collect$$rtexit$$00000002)
    __rt_exit_exit                           0x08000331   Thumb Code     0  rtexit2.o(.ARM.Collect$$rtexit$$00000004)
    Reset_Handler                            0x08000339   Thumb Code     8  startup_stm32h743xx.o(.text)
    ADC3_IRQHandler                          0x08000353   Thumb Code     0  startup_stm32h743xx.o(.text)
    ADC_IRQHandler                           0x08000353   Thumb Code     0  startup_stm32h743xx.o(.text)
    BDMA_Channel0_IRQHandler                 0x08000353   Thumb Code     0  startup_stm32h743xx.o(.text)
    BDMA_Channel1_IRQHandler                 0x08000353   Thumb Code     0  startup_stm32h743xx.o(.text)
    BDMA_Channel2_IRQHandler                 0x08000353   Thumb Code     0  startup_stm32h743xx.o(.text)
    BDMA_Channel3_IRQHandler                 0x08000353   Thumb Code     0  startup_stm32h743xx.o(.text)
    BDMA_Channel4_IRQHandler                 0x08000353   Thumb Code     0  startup_stm32h743xx.o(.text)
    BDMA_Channel5_IRQHandler                 0x08000353   Thumb Code     0  startup_stm32h743xx.o(.text)
    BDMA_Channel6_IRQHandler                 0x08000353   Thumb Code     0  startup_stm32h743xx.o(.text)
    BDMA_Channel7_IRQHandler                 0x08000353   Thumb Code     0  startup_stm32h743xx.o(.text)
    CEC_IRQHandler                           0x08000353   Thumb Code     0  startup_stm32h743xx.o(.text)
    COMP1_IRQHandler                         0x08000353   Thumb Code     0  startup_stm32h743xx.o(.text)
    CRS_IRQHandler                           0x08000353   Thumb Code     0  startup_stm32h743xx.o(.text)
    DCMI_IRQHandler                          0x08000353   Thumb Code     0  startup_stm32h743xx.o(.text)
    DFSDM1_FLT0_IRQHandler                   0x08000353   Thumb Code     0  startup_stm32h743xx.o(.text)
    DFSDM1_FLT1_IRQHandler                   0x08000353   Thumb Code     0  startup_stm32h743xx.o(.text)
    DFSDM1_FLT2_IRQHandler                   0x08000353   Thumb Code     0  startup_stm32h743xx.o(.text)
    DFSDM1_FLT3_IRQHandler                   0x08000353   Thumb Code     0  startup_stm32h743xx.o(.text)
    DMA1_Stream0_IRQHandler                  0x08000353   Thumb Code     0  startup_stm32h743xx.o(.text)
    DMA1_Stream1_IRQHandler                  0x08000353   Thumb Code     0  startup_stm32h743xx.o(.text)
    DMA1_Stream2_IRQHandler                  0x08000353   Thumb Code     0  startup_stm32h743xx.o(.text)
    DMA1_Stream3_IRQHandler                  0x08000353   Thumb Code     0  startup_stm32h743xx.o(.text)
    DMA1_Stream4_IRQHandler                  0x08000353   Thumb Code     0  startup_stm32h743xx.o(.text)
    DMA1_Stream5_IRQHandler                  0x08000353   Thumb Code     0  startup_stm32h743xx.o(.text)
    DMA1_Stream6_IRQHandler                  0x08000353   Thumb Code     0  startup_stm32h743xx.o(.text)
    DMA1_Stream7_IRQHandler                  0x08000353   Thumb Code     0  startup_stm32h743xx.o(.text)
    DMA2D_IRQHandler                         0x08000353   Thumb Code     0  startup_stm32h743xx.o(.text)
    DMA2_Stream0_IRQHandler                  0x08000353   Thumb Code     0  startup_stm32h743xx.o(.text)
    DMA2_Stream1_IRQHandler                  0x08000353   Thumb Code     0  startup_stm32h743xx.o(.text)
    DMA2_Stream2_IRQHandler                  0x08000353   Thumb Code     0  startup_stm32h743xx.o(.text)
    DMA2_Stream3_IRQHandler                  0x08000353   Thumb Code     0  startup_stm32h743xx.o(.text)
    DMA2_Stream4_IRQHandler                  0x08000353   Thumb Code     0  startup_stm32h743xx.o(.text)
    DMA2_Stream5_IRQHandler                  0x08000353   Thumb Code     0  startup_stm32h743xx.o(.text)
    DMA2_Stream6_IRQHandler                  0x08000353   Thumb Code     0  startup_stm32h743xx.o(.text)
    DMA2_Stream7_IRQHandler                  0x08000353   Thumb Code     0  startup_stm32h743xx.o(.text)
    DMAMUX1_OVR_IRQHandler                   0x08000353   Thumb Code     0  startup_stm32h743xx.o(.text)
    DMAMUX2_OVR_IRQHandler                   0x08000353   Thumb Code     0  startup_stm32h743xx.o(.text)
    ECC_IRQHandler                           0x08000353   Thumb Code     0  startup_stm32h743xx.o(.text)
    ETH_IRQHandler                           0x08000353   Thumb Code     0  startup_stm32h743xx.o(.text)
    ETH_WKUP_IRQHandler                      0x08000353   Thumb Code     0  startup_stm32h743xx.o(.text)
    EXTI0_IRQHandler                         0x08000353   Thumb Code     0  startup_stm32h743xx.o(.text)
    EXTI15_10_IRQHandler                     0x08000353   Thumb Code     0  startup_stm32h743xx.o(.text)
    EXTI1_IRQHandler                         0x08000353   Thumb Code     0  startup_stm32h743xx.o(.text)
    EXTI2_IRQHandler                         0x08000353   Thumb Code     0  startup_stm32h743xx.o(.text)
    EXTI3_IRQHandler                         0x08000353   Thumb Code     0  startup_stm32h743xx.o(.text)
    EXTI4_IRQHandler                         0x08000353   Thumb Code     0  startup_stm32h743xx.o(.text)
    FDCAN1_IT0_IRQHandler                    0x08000353   Thumb Code     0  startup_stm32h743xx.o(.text)
    FDCAN1_IT1_IRQHandler                    0x08000353   Thumb Code     0  startup_stm32h743xx.o(.text)
    FDCAN2_IT0_IRQHandler                    0x08000353   Thumb Code     0  startup_stm32h743xx.o(.text)
    FDCAN2_IT1_IRQHandler                    0x08000353   Thumb Code     0  startup_stm32h743xx.o(.text)
    FDCAN_CAL_IRQHandler                     0x08000353   Thumb Code     0  startup_stm32h743xx.o(.text)
    FLASH_IRQHandler                         0x08000353   Thumb Code     0  startup_stm32h743xx.o(.text)
    FMC_IRQHandler                           0x08000353   Thumb Code     0  startup_stm32h743xx.o(.text)
    FPU_IRQHandler                           0x08000353   Thumb Code     0  startup_stm32h743xx.o(.text)
    HRTIM1_FLT_IRQHandler                    0x08000353   Thumb Code     0  startup_stm32h743xx.o(.text)
    HRTIM1_Master_IRQHandler                 0x08000353   Thumb Code     0  startup_stm32h743xx.o(.text)
    HRTIM1_TIMA_IRQHandler                   0x08000353   Thumb Code     0  startup_stm32h743xx.o(.text)
    HRTIM1_TIMB_IRQHandler                   0x08000353   Thumb Code     0  startup_stm32h743xx.o(.text)
    HRTIM1_TIMC_IRQHandler                   0x08000353   Thumb Code     0  startup_stm32h743xx.o(.text)
    HRTIM1_TIMD_IRQHandler                   0x08000353   Thumb Code     0  startup_stm32h743xx.o(.text)
    HRTIM1_TIME_IRQHandler                   0x08000353   Thumb Code     0  startup_stm32h743xx.o(.text)
    HSEM1_IRQHandler                         0x08000353   Thumb Code     0  startup_stm32h743xx.o(.text)
    I2C1_ER_IRQHandler                       0x08000353   Thumb Code     0  startup_stm32h743xx.o(.text)
    I2C1_EV_IRQHandler                       0x08000353   Thumb Code     0  startup_stm32h743xx.o(.text)
    I2C2_ER_IRQHandler                       0x08000353   Thumb Code     0  startup_stm32h743xx.o(.text)
    I2C2_EV_IRQHandler                       0x08000353   Thumb Code     0  startup_stm32h743xx.o(.text)
    I2C3_ER_IRQHandler                       0x08000353   Thumb Code     0  startup_stm32h743xx.o(.text)
    I2C3_EV_IRQHandler                       0x08000353   Thumb Code     0  startup_stm32h743xx.o(.text)
    I2C4_ER_IRQHandler                       0x08000353   Thumb Code     0  startup_stm32h743xx.o(.text)
    I2C4_EV_IRQHandler                       0x08000353   Thumb Code     0  startup_stm32h743xx.o(.text)
    JPEG_IRQHandler                          0x08000353   Thumb Code     0  startup_stm32h743xx.o(.text)
    LPTIM1_IRQHandler                        0x08000353   Thumb Code     0  startup_stm32h743xx.o(.text)
    LPTIM2_IRQHandler                        0x08000353   Thumb Code     0  startup_stm32h743xx.o(.text)
    LPTIM3_IRQHandler                        0x08000353   Thumb Code     0  startup_stm32h743xx.o(.text)
    LPTIM4_IRQHandler                        0x08000353   Thumb Code     0  startup_stm32h743xx.o(.text)
    LPTIM5_IRQHandler                        0x08000353   Thumb Code     0  startup_stm32h743xx.o(.text)
    LPUART1_IRQHandler                       0x08000353   Thumb Code     0  startup_stm32h743xx.o(.text)
    LTDC_ER_IRQHandler                       0x08000353   Thumb Code     0  startup_stm32h743xx.o(.text)
    LTDC_IRQHandler                          0x08000353   Thumb Code     0  startup_stm32h743xx.o(.text)
    MDIOS_IRQHandler                         0x08000353   Thumb Code     0  startup_stm32h743xx.o(.text)
    MDIOS_WKUP_IRQHandler                    0x08000353   Thumb Code     0  startup_stm32h743xx.o(.text)
    MDMA_IRQHandler                          0x08000353   Thumb Code     0  startup_stm32h743xx.o(.text)
    OTG_FS_EP1_IN_IRQHandler                 0x08000353   Thumb Code     0  startup_stm32h743xx.o(.text)
    OTG_FS_EP1_OUT_IRQHandler                0x08000353   Thumb Code     0  startup_stm32h743xx.o(.text)
    OTG_FS_IRQHandler                        0x08000353   Thumb Code     0  startup_stm32h743xx.o(.text)
    OTG_FS_WKUP_IRQHandler                   0x08000353   Thumb Code     0  startup_stm32h743xx.o(.text)
    OTG_HS_EP1_IN_IRQHandler                 0x08000353   Thumb Code     0  startup_stm32h743xx.o(.text)
    OTG_HS_EP1_OUT_IRQHandler                0x08000353   Thumb Code     0  startup_stm32h743xx.o(.text)
    OTG_HS_IRQHandler                        0x08000353   Thumb Code     0  startup_stm32h743xx.o(.text)
    OTG_HS_WKUP_IRQHandler                   0x08000353   Thumb Code     0  startup_stm32h743xx.o(.text)
    PVD_AVD_IRQHandler                       0x08000353   Thumb Code     0  startup_stm32h743xx.o(.text)
    QUADSPI_IRQHandler                       0x08000353   Thumb Code     0  startup_stm32h743xx.o(.text)
    RCC_IRQHandler                           0x08000353   Thumb Code     0  startup_stm32h743xx.o(.text)
    RNG_IRQHandler                           0x08000353   Thumb Code     0  startup_stm32h743xx.o(.text)
    RTC_Alarm_IRQHandler                     0x08000353   Thumb Code     0  startup_stm32h743xx.o(.text)
    RTC_WKUP_IRQHandler                      0x08000353   Thumb Code     0  startup_stm32h743xx.o(.text)
    SAI1_IRQHandler                          0x08000353   Thumb Code     0  startup_stm32h743xx.o(.text)
    SAI2_IRQHandler                          0x08000353   Thumb Code     0  startup_stm32h743xx.o(.text)
    SAI3_IRQHandler                          0x08000353   Thumb Code     0  startup_stm32h743xx.o(.text)
    SAI4_IRQHandler                          0x08000353   Thumb Code     0  startup_stm32h743xx.o(.text)
    SDMMC1_IRQHandler                        0x08000353   Thumb Code     0  startup_stm32h743xx.o(.text)
    SDMMC2_IRQHandler                        0x08000353   Thumb Code     0  startup_stm32h743xx.o(.text)
    SPDIF_RX_IRQHandler                      0x08000353   Thumb Code     0  startup_stm32h743xx.o(.text)
    SPI1_IRQHandler                          0x08000353   Thumb Code     0  startup_stm32h743xx.o(.text)
    SPI2_IRQHandler                          0x08000353   Thumb Code     0  startup_stm32h743xx.o(.text)
    SPI3_IRQHandler                          0x08000353   Thumb Code     0  startup_stm32h743xx.o(.text)
    SPI4_IRQHandler                          0x08000353   Thumb Code     0  startup_stm32h743xx.o(.text)
    SPI5_IRQHandler                          0x08000353   Thumb Code     0  startup_stm32h743xx.o(.text)
    SPI6_IRQHandler                          0x08000353   Thumb Code     0  startup_stm32h743xx.o(.text)
    SWPMI1_IRQHandler                        0x08000353   Thumb Code     0  startup_stm32h743xx.o(.text)
    TAMP_STAMP_IRQHandler                    0x08000353   Thumb Code     0  startup_stm32h743xx.o(.text)
    TIM15_IRQHandler                         0x08000353   Thumb Code     0  startup_stm32h743xx.o(.text)
    TIM16_IRQHandler                         0x08000353   Thumb Code     0  startup_stm32h743xx.o(.text)
    TIM17_IRQHandler                         0x08000353   Thumb Code     0  startup_stm32h743xx.o(.text)
    TIM1_BRK_IRQHandler                      0x08000353   Thumb Code     0  startup_stm32h743xx.o(.text)
    TIM1_CC_IRQHandler                       0x08000353   Thumb Code     0  startup_stm32h743xx.o(.text)
    TIM1_TRG_COM_IRQHandler                  0x08000353   Thumb Code     0  startup_stm32h743xx.o(.text)
    TIM1_UP_IRQHandler                       0x08000353   Thumb Code     0  startup_stm32h743xx.o(.text)
    TIM2_IRQHandler                          0x08000353   Thumb Code     0  startup_stm32h743xx.o(.text)
    TIM3_IRQHandler                          0x08000353   Thumb Code     0  startup_stm32h743xx.o(.text)
    TIM4_IRQHandler                          0x08000353   Thumb Code     0  startup_stm32h743xx.o(.text)
    TIM5_IRQHandler                          0x08000353   Thumb Code     0  startup_stm32h743xx.o(.text)
    TIM6_DAC_IRQHandler                      0x08000353   Thumb Code     0  startup_stm32h743xx.o(.text)
    TIM7_IRQHandler                          0x08000353   Thumb Code     0  startup_stm32h743xx.o(.text)
    TIM8_BRK_TIM12_IRQHandler                0x08000353   Thumb Code     0  startup_stm32h743xx.o(.text)
    TIM8_CC_IRQHandler                       0x08000353   Thumb Code     0  startup_stm32h743xx.o(.text)
    TIM8_TRG_COM_TIM14_IRQHandler            0x08000353   Thumb Code     0  startup_stm32h743xx.o(.text)
    TIM8_UP_TIM13_IRQHandler                 0x08000353   Thumb Code     0  startup_stm32h743xx.o(.text)
    UART4_IRQHandler                         0x08000353   Thumb Code     0  startup_stm32h743xx.o(.text)
    UART5_IRQHandler                         0x08000353   Thumb Code     0  startup_stm32h743xx.o(.text)
    UART7_IRQHandler                         0x08000353   Thumb Code     0  startup_stm32h743xx.o(.text)
    UART8_IRQHandler                         0x08000353   Thumb Code     0  startup_stm32h743xx.o(.text)
    USART1_IRQHandler                        0x08000353   Thumb Code     0  startup_stm32h743xx.o(.text)
    USART2_IRQHandler                        0x08000353   Thumb Code     0  startup_stm32h743xx.o(.text)
    USART3_IRQHandler                        0x08000353   Thumb Code     0  startup_stm32h743xx.o(.text)
    USART6_IRQHandler                        0x08000353   Thumb Code     0  startup_stm32h743xx.o(.text)
    WAKEUP_PIN_IRQHandler                    0x08000353   Thumb Code     0  startup_stm32h743xx.o(.text)
    WWDG_IRQHandler                          0x08000353   Thumb Code     0  startup_stm32h743xx.o(.text)
    __user_initial_stackheap                 0x08000355   Thumb Code     0  startup_stm32h743xx.o(.text)
    __aeabi_memclr4                          0x08000379   Thumb Code     0  rt_memclr_w.o(.text)
    __aeabi_memclr8                          0x08000379   Thumb Code     0  rt_memclr_w.o(.text)
    __rt_memclr_w                            0x08000379   Thumb Code    78  rt_memclr_w.o(.text)
    _memset_w                                0x0800037d   Thumb Code     0  rt_memclr_w.o(.text)
    __use_two_region_memory                  0x080003c7   Thumb Code     2  heapauxi.o(.text)
    __rt_heap_escrow$2region                 0x080003c9   Thumb Code     2  heapauxi.o(.text)
    __rt_heap_expand$2region                 0x080003cb   Thumb Code     2  heapauxi.o(.text)
    __user_setup_stackheap                   0x080003cd   Thumb Code    74  sys_stackheap_outer.o(.text)
    exit                                     0x08000417   Thumb Code    18  exit.o(.text)
    __user_libspace                          0x08000429   Thumb Code     8  libspace.o(.text)
    __user_perproc_libspace                  0x08000429   Thumb Code     0  libspace.o(.text)
    __user_perthread_libspace                0x08000429   Thumb Code     0  libspace.o(.text)
    _sys_exit                                0x08000431   Thumb Code     8  sys_exit.o(.text)
    __I$use$semihosting                      0x0800043d   Thumb Code     0  use_no_semi.o(.text)
    __use_no_semihosting_swi                 0x0800043d   Thumb Code     2  use_no_semi.o(.text)
    BusFault_Handler                         0x0800043f   Thumb Code     2  stm32h7xx_it.o(i.BusFault_Handler)
    __semihosting_library_function           0x0800043f   Thumb Code     0  indicate_semi.o(.text)
    DebugMon_Handler                         0x08000441   Thumb Code     2  stm32h7xx_it.o(i.DebugMon_Handler)
    EXTI9_5_IRQHandler                       0x08000443   Thumb Code     8  stm32h7xx_it.o(i.EXTI9_5_IRQHandler)
    HAL_Delay                                0x0800044d   Thumb Code    32  stm32h7xx_hal.o(i.HAL_Delay)
    HAL_GPIO_EXTI_Callback                   0x08000471   Thumb Code   122  main.o(i.HAL_GPIO_EXTI_Callback)
    HAL_GPIO_EXTI_IRQHandler                 0x080004f9   Thumb Code    24  stm32h7xx_hal_gpio.o(i.HAL_GPIO_EXTI_IRQHandler)
    HAL_GPIO_Init                            0x08000511   Thumb Code   510  stm32h7xx_hal_gpio.o(i.HAL_GPIO_Init)
    HAL_GPIO_ReadPin                         0x08000741   Thumb Code    10  stm32h7xx_hal_gpio.o(i.HAL_GPIO_ReadPin)
    HAL_GPIO_WritePin                        0x0800074b   Thumb Code    10  stm32h7xx_hal_gpio.o(i.HAL_GPIO_WritePin)
    HAL_GetREVID                             0x08000755   Thumb Code     8  stm32h7xx_hal.o(i.HAL_GetREVID)
    HAL_GetTick                              0x08000761   Thumb Code     6  stm32h7xx_hal.o(i.HAL_GetTick)
    HAL_IncTick                              0x0800076d   Thumb Code    12  stm32h7xx_hal.o(i.HAL_IncTick)
    HAL_Init                                 0x0800077d   Thumb Code    74  stm32h7xx_hal.o(i.HAL_Init)
    HAL_InitTick                             0x080007d9   Thumb Code    56  stm32h7xx_hal.o(i.HAL_InitTick)
    HAL_MspInit                              0x08000819   Thumb Code    22  stm32h7xx_hal_msp.o(i.HAL_MspInit)
    HAL_NVIC_EnableIRQ                       0x08000835   Thumb Code    26  stm32h7xx_hal_cortex.o(i.HAL_NVIC_EnableIRQ)
    HAL_NVIC_SetPriority                     0x08000851   Thumb Code    60  stm32h7xx_hal_cortex.o(i.HAL_NVIC_SetPriority)
    HAL_NVIC_SetPriorityGrouping             0x08000891   Thumb Code    28  stm32h7xx_hal_cortex.o(i.HAL_NVIC_SetPriorityGrouping)
    HAL_PWREx_ConfigSupply                   0x080008b5   Thumb Code    78  stm32h7xx_hal_pwr_ex.o(i.HAL_PWREx_ConfigSupply)
    HAL_RCC_ClockConfig                      0x08000909   Thumb Code   580  stm32h7xx_hal_rcc.o(i.HAL_RCC_ClockConfig)
    HAL_RCC_GetSysClockFreq                  0x08000b65   Thumb Code   278  stm32h7xx_hal_rcc.o(i.HAL_RCC_GetSysClockFreq)
    HAL_RCC_OscConfig                        0x08000c9d   Thumb Code  1282  stm32h7xx_hal_rcc.o(i.HAL_RCC_OscConfig)
    HAL_SYSTICK_Config                       0x080011a5   Thumb Code    38  stm32h7xx_hal_cortex.o(i.HAL_SYSTICK_Config)
    HAL_TIMEx_MasterConfigSynchronization    0x080011cd   Thumb Code   128  stm32h7xx_hal_tim_ex.o(i.HAL_TIMEx_MasterConfigSynchronization)
    HAL_TIM_Base_Init                        0x08001265   Thumb Code    98  stm32h7xx_hal_tim.o(i.HAL_TIM_Base_Init)
    HAL_TIM_Base_MspInit                     0x080012c9   Thumb Code    30  stm32h7xx_hal_msp.o(i.HAL_TIM_Base_MspInit)
    HAL_TIM_Base_Start                       0x080012ed   Thumb Code    90  stm32h7xx_hal_tim.o(i.HAL_TIM_Base_Start)
    HAL_TIM_ConfigClockSource                0x08001365   Thumb Code   242  stm32h7xx_hal_tim.o(i.HAL_TIM_ConfigClockSource)
    HardFault_Handler                        0x0800145d   Thumb Code     2  stm32h7xx_it.o(i.HardFault_Handler)
    MemManage_Handler                        0x08001549   Thumb Code     2  stm32h7xx_it.o(i.MemManage_Handler)
    NMI_Handler                              0x0800154b   Thumb Code     2  stm32h7xx_it.o(i.NMI_Handler)
    PendSV_Handler                           0x0800154d   Thumb Code     2  stm32h7xx_it.o(i.PendSV_Handler)
    SVC_Handler                              0x0800154f   Thumb Code     2  stm32h7xx_it.o(i.SVC_Handler)
    SysTick_Handler                          0x08001551   Thumb Code     4  stm32h7xx_it.o(i.SysTick_Handler)
    SystemClock_Config                       0x08001555   Thumb Code   158  main.o(i.SystemClock_Config)
    SystemInit                               0x080015fd   Thumb Code   188  system_stm32h7xx.o(i.SystemInit)
    TIM_Base_SetConfig                       0x080016e1   Thumb Code   162  stm32h7xx_hal_tim.o(i.TIM_Base_SetConfig)
    TIM_ETR_SetConfig                        0x080017a5   Thumb Code    18  stm32h7xx_hal_tim.o(i.TIM_ETR_SetConfig)
    UsageFault_Handler                       0x08001813   Thumb Code     2  stm32h7xx_it.o(i.UsageFault_Handler)
    bdm_read                                 0x0800185d   Thumb Code   132  main.o(i.bdm_read)
    bdm_send                                 0x080018ed   Thumb Code   184  main.o(i.bdm_send)
    main                                     0x08001a39   Thumb Code   134  main.o(i.main)
    _fp_init                                 0x08001acd   Thumb Code    10  fpinit.o(x$fpl$fpinit)
    __fplib_config_fpu_vfp                   0x08001ad5   Thumb Code     0  fpinit.o(x$fpl$fpinit)
    __fplib_config_pureend_doubles           0x08001ad5   Thumb Code     0  fpinit.o(x$fpl$fpinit)
    D1CorePrescTable                         0x08001ad6   Data          16  system_stm32h7xx.o(.constdata)
    Region$$Table$$Base                      0x08001ae8   Number         0  anon$$obj.o(Region$$Table)
    Region$$Table$$Limit                     0x08001b08   Number         0  anon$$obj.o(Region$$Table)
    enable_ext                               0x24000000   Data           1  main.o(.data)
    bdm_wait_ack                             0x24000001   Data           1  main.o(.data)
    bdm_wait_rx                              0x24000002   Data           1  main.o(.data)
    bdm_wait_rx_time                         0x24000004   Data           4  main.o(.data)
    sync_time_captured                       0x24000008   Data           4  main.o(.data)
    delay_1TC                                0x2400000c   Data           4  main.o(.data)
    delay_4TC                                0x24000010   Data           4  main.o(.data)
    delay_10TC                               0x24000014   Data           4  main.o(.data)
    delay_12TC                               0x24000018   Data           4  main.o(.data)
    delay_end                                0x2400001c   Data           4  main.o(.data)
    uwTickFreq                               0x24000020   Data           1  stm32h7xx_hal.o(.data)
    uwTickPrio                               0x24000024   Data           4  stm32h7xx_hal.o(.data)
    uwTick                                   0x24000028   Data           4  stm32h7xx_hal.o(.data)
    SystemCoreClock                          0x2400002c   Data           4  system_stm32h7xx.o(.data)
    SystemD2Clock                            0x24000030   Data           4  system_stm32h7xx.o(.data)
    bdm_ext                                  0x24000034   Data          40  main.o(.bss)
    bdm_data                                 0x2400005c   Data          10  main.o(.bss)
    htim2                                    0x24000068   Data          76  main.o(.bss)
    __libspace_start                         0x240000b4   Data          96  libspace.o(.bss)
    __temporary_stack_top$libspace           0x24000114   Data           0  libspace.o(.bss)



==============================================================================

Memory Map of the image

  Image Entry point : 0x08000299

  Load Region LR_IROM1 (Base: 0x08000000, Size: 0x00001b3c, Max: 0x00200000, ABSOLUTE)

    Execution Region ER_IROM1 (Exec base: 0x08000000, Load base: 0x08000000, Size: 0x00001b08, Max: 0x00200000, ABSOLUTE)

    Exec Addr    Load Addr    Size         Type   Attr      Idx    E Section Name        Object

    0x08000000   0x08000000   0x00000298   Data   RO            3    RESET               startup_stm32h743xx.o
    0x08000298   0x08000298   0x00000008   Code   RO         3754  * !!!main             c_w.l(__main.o)
    0x080002a0   0x080002a0   0x00000034   Code   RO         3913    !!!scatter          c_w.l(__scatter.o)
    0x080002d4   0x080002d4   0x0000001a   Code   RO         3915    !!handler_copy      c_w.l(__scatter_copy.o)
    0x080002ee   0x080002ee   0x00000002   PAD
    0x080002f0   0x080002f0   0x0000001c   Code   RO         3917    !!handler_zi        c_w.l(__scatter_zi.o)
    0x0800030c   0x0800030c   0x00000002   Code   RO         3781    .ARM.Collect$$libinit$$00000000  c_w.l(libinit.o)
    0x0800030e   0x0800030e   0x00000004   Code   RO         3787    .ARM.Collect$$libinit$$00000001  c_w.l(libinit2.o)
    0x08000312   0x08000312   0x00000000   Code   RO         3790    .ARM.Collect$$libinit$$00000004  c_w.l(libinit2.o)
    0x08000312   0x08000312   0x00000000   Code   RO         3793    .ARM.Collect$$libinit$$0000000A  c_w.l(libinit2.o)
    0x08000312   0x08000312   0x00000000   Code   RO         3795    .ARM.Collect$$libinit$$0000000C  c_w.l(libinit2.o)
    0x08000312   0x08000312   0x00000000   Code   RO         3797    .ARM.Collect$$libinit$$0000000E  c_w.l(libinit2.o)
    0x08000312   0x08000312   0x00000000   Code   RO         3800    .ARM.Collect$$libinit$$00000011  c_w.l(libinit2.o)
    0x08000312   0x08000312   0x00000000   Code   RO         3802    .ARM.Collect$$libinit$$00000013  c_w.l(libinit2.o)
    0x08000312   0x08000312   0x00000000   Code   RO         3804    .ARM.Collect$$libinit$$00000015  c_w.l(libinit2.o)
    0x08000312   0x08000312   0x00000000   Code   RO         3806    .ARM.Collect$$libinit$$00000017  c_w.l(libinit2.o)
    0x08000312   0x08000312   0x00000000   Code   RO         3808    .ARM.Collect$$libinit$$00000019  c_w.l(libinit2.o)
    0x08000312   0x08000312   0x00000000   Code   RO         3810    .ARM.Collect$$libinit$$0000001B  c_w.l(libinit2.o)
    0x08000312   0x08000312   0x00000000   Code   RO         3812    .ARM.Collect$$libinit$$0000001D  c_w.l(libinit2.o)
    0x08000312   0x08000312   0x00000000   Code   RO         3814    .ARM.Collect$$libinit$$0000001F  c_w.l(libinit2.o)
    0x08000312   0x08000312   0x00000000   Code   RO         3816    .ARM.Collect$$libinit$$00000021  c_w.l(libinit2.o)
    0x08000312   0x08000312   0x00000000   Code   RO         3818    .ARM.Collect$$libinit$$00000023  c_w.l(libinit2.o)
    0x08000312   0x08000312   0x00000000   Code   RO         3820    .ARM.Collect$$libinit$$00000025  c_w.l(libinit2.o)
    0x08000312   0x08000312   0x00000000   Code   RO         3824    .ARM.Collect$$libinit$$0000002C  c_w.l(libinit2.o)
    0x08000312   0x08000312   0x00000000   Code   RO         3826    .ARM.Collect$$libinit$$0000002E  c_w.l(libinit2.o)
    0x08000312   0x08000312   0x00000000   Code   RO         3828    .ARM.Collect$$libinit$$00000030  c_w.l(libinit2.o)
    0x08000312   0x08000312   0x00000000   Code   RO         3830    .ARM.Collect$$libinit$$00000032  c_w.l(libinit2.o)
    0x08000312   0x08000312   0x00000002   Code   RO         3831    .ARM.Collect$$libinit$$00000033  c_w.l(libinit2.o)
    0x08000314   0x08000314   0x00000002   Code   RO         3851    .ARM.Collect$$libshutdown$$00000000  c_w.l(libshutdown.o)
    0x08000316   0x08000316   0x00000000   Code   RO         3864    .ARM.Collect$$libshutdown$$00000002  c_w.l(libshutdown2.o)
    0x08000316   0x08000316   0x00000000   Code   RO         3866    .ARM.Collect$$libshutdown$$00000004  c_w.l(libshutdown2.o)
    0x08000316   0x08000316   0x00000000   Code   RO         3868    .ARM.Collect$$libshutdown$$00000006  c_w.l(libshutdown2.o)
    0x08000316   0x08000316   0x00000000   Code   RO         3871    .ARM.Collect$$libshutdown$$00000009  c_w.l(libshutdown2.o)
    0x08000316   0x08000316   0x00000000   Code   RO         3874    .ARM.Collect$$libshutdown$$0000000C  c_w.l(libshutdown2.o)
    0x08000316   0x08000316   0x00000000   Code   RO         3876    .ARM.Collect$$libshutdown$$0000000E  c_w.l(libshutdown2.o)
    0x08000316   0x08000316   0x00000000   Code   RO         3879    .ARM.Collect$$libshutdown$$00000011  c_w.l(libshutdown2.o)
    0x08000316   0x08000316   0x00000002   Code   RO         3880    .ARM.Collect$$libshutdown$$00000012  c_w.l(libshutdown2.o)
    0x08000318   0x08000318   0x00000000   Code   RO         3756    .ARM.Collect$$rtentry$$00000000  c_w.l(__rtentry.o)
    0x08000318   0x08000318   0x00000000   Code   RO         3758    .ARM.Collect$$rtentry$$00000002  c_w.l(__rtentry2.o)
    0x08000318   0x08000318   0x00000006   Code   RO         3770    .ARM.Collect$$rtentry$$00000004  c_w.l(__rtentry4.o)
    0x0800031e   0x0800031e   0x00000000   Code   RO         3760    .ARM.Collect$$rtentry$$00000009  c_w.l(__rtentry2.o)
    0x0800031e   0x0800031e   0x00000004   Code   RO         3761    .ARM.Collect$$rtentry$$0000000A  c_w.l(__rtentry2.o)
    0x08000322   0x08000322   0x00000000   Code   RO         3763    .ARM.Collect$$rtentry$$0000000C  c_w.l(__rtentry2.o)
    0x08000322   0x08000322   0x00000008   Code   RO         3764    .ARM.Collect$$rtentry$$0000000D  c_w.l(__rtentry2.o)
    0x0800032a   0x0800032a   0x00000002   Code   RO         3785    .ARM.Collect$$rtexit$$00000000  c_w.l(rtexit.o)
    0x0800032c   0x0800032c   0x00000000   Code   RO         3833    .ARM.Collect$$rtexit$$00000002  c_w.l(rtexit2.o)
    0x0800032c   0x0800032c   0x00000004   Code   RO         3834    .ARM.Collect$$rtexit$$00000003  c_w.l(rtexit2.o)
    0x08000330   0x08000330   0x00000006   Code   RO         3835    .ARM.Collect$$rtexit$$00000004  c_w.l(rtexit2.o)
    0x08000336   0x08000336   0x00000002   PAD
    0x08000338   0x08000338   0x00000040   Code   RO            4    .text               startup_stm32h743xx.o
    0x08000378   0x08000378   0x0000004e   Code   RO         3750    .text               c_w.l(rt_memclr_w.o)
    0x080003c6   0x080003c6   0x00000006   Code   RO         3752    .text               c_w.l(heapauxi.o)
    0x080003cc   0x080003cc   0x0000004a   Code   RO         3772    .text               c_w.l(sys_stackheap_outer.o)
    0x08000416   0x08000416   0x00000012   Code   RO         3774    .text               c_w.l(exit.o)
    0x08000428   0x08000428   0x00000008   Code   RO         3782    .text               c_w.l(libspace.o)
    0x08000430   0x08000430   0x0000000c   Code   RO         3843    .text               c_w.l(sys_exit.o)
    0x0800043c   0x0800043c   0x00000002   Code   RO         3854    .text               c_w.l(use_no_semi.o)
    0x0800043e   0x0800043e   0x00000000   Code   RO         3856    .text               c_w.l(indicate_semi.o)
    0x0800043e   0x0800043e   0x00000002   Code   RO          200    i.BusFault_Handler  stm32h7xx_it.o
    0x08000440   0x08000440   0x00000002   Code   RO          201    i.DebugMon_Handler  stm32h7xx_it.o
    0x08000442   0x08000442   0x00000008   Code   RO          202    i.EXTI9_5_IRQHandler  stm32h7xx_it.o
    0x0800044a   0x0800044a   0x00000002   PAD
    0x0800044c   0x0800044c   0x00000024   Code   RO         1814    i.HAL_Delay         stm32h7xx_hal.o
    0x08000470   0x08000470   0x00000088   Code   RO           14    i.HAL_GPIO_EXTI_Callback  main.o
    0x080004f8   0x080004f8   0x00000018   Code   RO          952    i.HAL_GPIO_EXTI_IRQHandler  stm32h7xx_hal_gpio.o
    0x08000510   0x08000510   0x00000230   Code   RO          953    i.HAL_GPIO_Init     stm32h7xx_hal_gpio.o
    0x08000740   0x08000740   0x0000000a   Code   RO          955    i.HAL_GPIO_ReadPin  stm32h7xx_hal_gpio.o
    0x0800074a   0x0800074a   0x0000000a   Code   RO          957    i.HAL_GPIO_WritePin  stm32h7xx_hal_gpio.o
    0x08000754   0x08000754   0x0000000c   Code   RO         1825    i.HAL_GetREVID      stm32h7xx_hal.o
    0x08000760   0x08000760   0x0000000c   Code   RO         1826    i.HAL_GetTick       stm32h7xx_hal.o
    0x0800076c   0x0800076c   0x00000010   Code   RO         1832    i.HAL_IncTick       stm32h7xx_hal.o
    0x0800077c   0x0800077c   0x0000005c   Code   RO         1833    i.HAL_Init          stm32h7xx_hal.o
    0x080007d8   0x080007d8   0x00000040   Code   RO         1834    i.HAL_InitTick      stm32h7xx_hal.o
    0x08000818   0x08000818   0x0000001c   Code   RO          281    i.HAL_MspInit       stm32h7xx_hal_msp.o
    0x08000834   0x08000834   0x0000001a   Code   RO          323    i.HAL_NVIC_EnableIRQ  stm32h7xx_hal_cortex.o
    0x0800084e   0x0800084e   0x00000002   PAD
    0x08000850   0x08000850   0x00000040   Code   RO          329    i.HAL_NVIC_SetPriority  stm32h7xx_hal_cortex.o
    0x08000890   0x08000890   0x00000024   Code   RO          330    i.HAL_NVIC_SetPriorityGrouping  stm32h7xx_hal_cortex.o
    0x080008b4   0x080008b4   0x00000054   Code   RO         1554    i.HAL_PWREx_ConfigSupply  stm32h7xx_hal_pwr_ex.o
    0x08000908   0x08000908   0x0000025c   Code   RO          459    i.HAL_RCC_ClockConfig  stm32h7xx_hal_rcc.o
    0x08000b64   0x08000b64   0x00000138   Code   RO          468    i.HAL_RCC_GetSysClockFreq  stm32h7xx_hal_rcc.o
    0x08000c9c   0x08000c9c   0x00000508   Code   RO          471    i.HAL_RCC_OscConfig  stm32h7xx_hal_rcc.o
    0x080011a4   0x080011a4   0x00000026   Code   RO          334    i.HAL_SYSTICK_Config  stm32h7xx_hal_cortex.o
    0x080011ca   0x080011ca   0x00000002   PAD
    0x080011cc   0x080011cc   0x00000098   Code   RO         3445    i.HAL_TIMEx_MasterConfigSynchronization  stm32h7xx_hal_tim_ex.o
    0x08001264   0x08001264   0x00000062   Code   RO         2709    i.HAL_TIM_Base_Init  stm32h7xx_hal_tim.o
    0x080012c6   0x080012c6   0x00000002   PAD
    0x080012c8   0x080012c8   0x00000024   Code   RO          283    i.HAL_TIM_Base_MspInit  stm32h7xx_hal_msp.o
    0x080012ec   0x080012ec   0x00000078   Code   RO         2712    i.HAL_TIM_Base_Start  stm32h7xx_hal_tim.o
    0x08001364   0x08001364   0x000000f8   Code   RO         2718    i.HAL_TIM_ConfigClockSource  stm32h7xx_hal_tim.o
    0x0800145c   0x0800145c   0x00000002   Code   RO          203    i.HardFault_Handler  stm32h7xx_it.o
    0x0800145e   0x0800145e   0x00000002   PAD
    0x08001460   0x08001460   0x00000084   Code   RO           15    i.MX_GPIO_Init      main.o
    0x080014e4   0x080014e4   0x00000064   Code   RO           16    i.MX_TIM2_Init      main.o
    0x08001548   0x08001548   0x00000002   Code   RO          204    i.MemManage_Handler  stm32h7xx_it.o
    0x0800154a   0x0800154a   0x00000002   Code   RO          205    i.NMI_Handler       stm32h7xx_it.o
    0x0800154c   0x0800154c   0x00000002   Code   RO          206    i.PendSV_Handler    stm32h7xx_it.o
    0x0800154e   0x0800154e   0x00000002   Code   RO          207    i.SVC_Handler       stm32h7xx_it.o
    0x08001550   0x08001550   0x00000004   Code   RO          208    i.SysTick_Handler   stm32h7xx_it.o
    0x08001554   0x08001554   0x000000a8   Code   RO           17    i.SystemClock_Config  main.o
    0x080015fc   0x080015fc   0x000000e4   Code   RO         3715    i.SystemInit        system_stm32h7xx.o
    0x080016e0   0x080016e0   0x000000c4   Code   RO         2802    i.TIM_Base_SetConfig  stm32h7xx_hal_tim.o
    0x080017a4   0x080017a4   0x00000012   Code   RO         2813    i.TIM_ETR_SetConfig  stm32h7xx_hal_tim.o
    0x080017b6   0x080017b6   0x00000002   PAD
    0x080017b8   0x080017b8   0x00000014   Code   RO         2814    i.TIM_ITRx_SetConfig  stm32h7xx_hal_tim.o
    0x080017cc   0x080017cc   0x00000022   Code   RO         2822    i.TIM_TI1_ConfigInputStage  stm32h7xx_hal_tim.o
    0x080017ee   0x080017ee   0x00000024   Code   RO         2824    i.TIM_TI2_ConfigInputStage  stm32h7xx_hal_tim.o
    0x08001812   0x08001812   0x00000002   Code   RO          209    i.UsageFault_Handler  stm32h7xx_it.o
    0x08001814   0x08001814   0x00000022   Code   RO          336    i.__NVIC_SetPriority  stm32h7xx_hal_cortex.o
    0x08001836   0x08001836   0x00000002   PAD
    0x08001838   0x08001838   0x00000024   Code   RO           18    i.bdm_pin_cfg_output  main.o
    0x0800185c   0x0800185c   0x00000090   Code   RO           19    i.bdm_read          main.o
    0x080018ec   0x080018ec   0x000000c4   Code   RO           20    i.bdm_send          main.o
    0x080019b0   0x080019b0   0x00000088   Code   RO           21    i.bdm_sync          main.o
    0x08001a38   0x08001a38   0x00000094   Code   RO           22    i.main              main.o
    0x08001acc   0x08001acc   0x0000000a   Code   RO         3841    x$fpl$fpinit        fz_wv.l(fpinit.o)
    0x08001ad6   0x08001ad6   0x00000010   Data   RO         3716    .constdata          system_stm32h7xx.o
    0x08001ae6   0x08001ae6   0x00000002   PAD
    0x08001ae8   0x08001ae8   0x00000020   Data   RO         3911    Region$$Table       anon$$obj.o


    Execution Region RW_IRAM1 (Exec base: 0x20000000, Load base: 0x08001b08, Size: 0x00000000, Max: 0x00020000, ABSOLUTE)

    **** No section assigned to this execution region ****


    Execution Region RW_IRAM2 (Exec base: 0x24000000, Load base: 0x08001b08, Size: 0x00000718, Max: 0x00080000, ABSOLUTE)

    Exec Addr    Load Addr    Size         Type   Attr      Idx    E Section Name        Object

    0x24000000   0x08001b08   0x00000020   Data   RW           25    .data               main.o
    0x24000020   0x08001b28   0x0000000c   Data   RW         1855    .data               stm32h7xx_hal.o
    0x2400002c   0x08001b34   0x00000008   Data   RW         3717    .data               system_stm32h7xx.o
    0x24000034        -       0x00000080   Zero   RW           23    .bss                main.o
    0x240000b4        -       0x00000060   Zero   RW         3783    .bss                c_w.l(libspace.o)
    0x24000114   0x08001b3c   0x00000004   PAD
    0x24000118        -       0x00000200   Zero   RW            2    HEAP                startup_stm32h743xx.o
    0x24000318        -       0x00000400   Zero   RW            1    STACK               startup_stm32h743xx.o


==============================================================================

Image component sizes


      Code (inc. data)   RO Data    RW Data    ZI Data      Debug   Object Name

      1196        100          0         32        128    1199896   main.o
        64         26        664          0       1536        836   startup_stm32h743xx.o
       232         44          0         12          0      23356   stm32h7xx_hal.o
       198         12          0          0          0      39551   stm32h7xx_hal_cortex.o
       604         50          0          0          0       3962   stm32h7xx_hal_gpio.o
        64         12          0          0          0       1505   stm32h7xx_hal_msp.o
        84          6          0          0          0        781   stm32h7xx_hal_pwr_ex.o
      2204         72          0          0          0       5264   stm32h7xx_hal_rcc.o
       770         82          0          0          0       7016   stm32h7xx_hal_tim.o
       152         24          0          0          0       1520   stm32h7xx_hal_tim_ex.o
        28          0          0          0          0       4543   stm32h7xx_it.o
       228         40         16          8          0       1510   system_stm32h7xx.o

    ----------------------------------------------------------------------
      5838        468        714         52       1664    1289740   Object Totals
         0          0         32          0          0          0   (incl. Generated)
        14          0          2          0          0          0   (incl. Padding)

    ----------------------------------------------------------------------

      Code (inc. data)   RO Data    RW Data    ZI Data      Debug   Library Member Name

         8          0          0          0          0         68   __main.o
         0          0          0          0          0          0   __rtentry.o
        12          0          0          0          0          0   __rtentry2.o
         6          0          0          0          0          0   __rtentry4.o
        52          8          0          0          0          0   __scatter.o
        26          0          0          0          0          0   __scatter_copy.o
        28          0          0          0          0          0   __scatter_zi.o
        18          0          0          0          0         80   exit.o
         6          0          0          0          0        152   heapauxi.o
         0          0          0          0          0          0   indicate_semi.o
         2          0          0          0          0          0   libinit.o
         6          0          0          0          0          0   libinit2.o
         2          0          0          0          0          0   libshutdown.o
         2          0          0          0          0          0   libshutdown2.o
         8          4          0          0         96         68   libspace.o
        78          0          0          0          0         80   rt_memclr_w.o
         2          0          0          0          0          0   rtexit.o
        10          0          0          0          0          0   rtexit2.o
        12          4          0          0          0         68   sys_exit.o
        74          0          0          0          0         80   sys_stackheap_outer.o
         2          0          0          0          0         68   use_no_semi.o
        10          0          0          0          0        116   fpinit.o

    ----------------------------------------------------------------------
       368         16          0          0        100        780   Library Totals
         4          0          0          0          4          0   (incl. Padding)

    ----------------------------------------------------------------------

      Code (inc. data)   RO Data    RW Data    ZI Data      Debug   Library Name

       354         16          0          0         96        664   c_w.l
        10          0          0          0          0        116   fz_wv.l

    ----------------------------------------------------------------------
       368         16          0          0        100        780   Library Totals

    ----------------------------------------------------------------------

==============================================================================


      Code (inc. data)   RO Data    RW Data    ZI Data      Debug   

      6206        484        714         52       1764    1286212   Grand Totals
      6206        484        714         52       1764    1286212   ELF Image Totals
      6206        484        714         52          0          0   ROM Totals

==============================================================================

    Total RO  Size (Code + RO Data)                 6920 (   6.76kB)
    Total RW  Size (RW Data + ZI Data)              1816 (   1.77kB)
    Total ROM Size (Code + RO Data + RW Data)       6972 (   6.81kB)

==============================================================================

