Archive member included to satisfy reference by file (symbol)

c:/program files (x86)/gnu tools arm embedded/9 2019-q4-major/bin/../lib/gcc/arm-none-eabi/9.2.1/../../../../arm-none-eabi/lib/thumb/v7e-m+fp/hard\libc_nano.a(lib_a-ctype_.o)
                              _build/nrf52840_xxaa/nrf_log_str_formatter.c.o (_ctype_)
c:/program files (x86)/gnu tools arm embedded/9 2019-q4-major/bin/../lib/gcc/arm-none-eabi/9.2.1/../../../../arm-none-eabi/lib/thumb/v7e-m+fp/hard\libc_nano.a(lib_a-exit.o)
                              c:/program files (x86)/gnu tools arm embedded/9 2019-q4-major/bin/../lib/gcc/arm-none-eabi/9.2.1/../../../../arm-none-eabi/lib/thumb/v7e-m+fp/hard/crt0.o (exit)
c:/program files (x86)/gnu tools arm embedded/9 2019-q4-major/bin/../lib/gcc/arm-none-eabi/9.2.1/../../../../arm-none-eabi/lib/thumb/v7e-m+fp/hard\libc_nano.a(lib_a-impure.o)
                              c:/program files (x86)/gnu tools arm embedded/9 2019-q4-major/bin/../lib/gcc/arm-none-eabi/9.2.1/../../../../arm-none-eabi/lib/thumb/v7e-m+fp/hard\libc_nano.a(lib_a-exit.o) (_global_impure_ptr)
c:/program files (x86)/gnu tools arm embedded/9 2019-q4-major/bin/../lib/gcc/arm-none-eabi/9.2.1/../../../../arm-none-eabi/lib/thumb/v7e-m+fp/hard\libc_nano.a(lib_a-init.o)
                              c:/program files (x86)/gnu tools arm embedded/9 2019-q4-major/bin/../lib/gcc/arm-none-eabi/9.2.1/../../../../arm-none-eabi/lib/thumb/v7e-m+fp/hard/crt0.o (__libc_init_array)
c:/program files (x86)/gnu tools arm embedded/9 2019-q4-major/bin/../lib/gcc/arm-none-eabi/9.2.1/../../../../arm-none-eabi/lib/thumb/v7e-m+fp/hard\libc_nano.a(lib_a-memcpy-stub.o)
                              _build/nrf52840_xxaa/nrf_log_frontend.c.o (memcpy)
c:/program files (x86)/gnu tools arm embedded/9 2019-q4-major/bin/../lib/gcc/arm-none-eabi/9.2.1/../../../../arm-none-eabi/lib/thumb/v7e-m+fp/hard\libc_nano.a(lib_a-memset.o)
                              c:/program files (x86)/gnu tools arm embedded/9 2019-q4-major/bin/../lib/gcc/arm-none-eabi/9.2.1/../../../../arm-none-eabi/lib/thumb/v7e-m+fp/hard/crt0.o (memset)
c:/program files (x86)/gnu tools arm embedded/9 2019-q4-major/bin/../lib/gcc/arm-none-eabi/9.2.1/../../../../arm-none-eabi/lib/thumb/v7e-m+fp/hard\libc_nano.a(lib_a-strcpy.o)
                              _build/nrf52840_xxaa/SEGGER_RTT.c.o (strcpy)
c:/program files (x86)/gnu tools arm embedded/9 2019-q4-major/bin/../lib/gcc/arm-none-eabi/9.2.1/../../../../arm-none-eabi/lib/thumb/v7e-m+fp/hard\libc_nano.a(lib_a-strlen.o)
                              _build/nrf52840_xxaa/nrf_log_frontend.c.o (strlen)
c:/program files (x86)/gnu tools arm embedded/9 2019-q4-major/bin/../lib/gcc/arm-none-eabi/9.2.1/../../../../arm-none-eabi/lib/thumb/v7e-m+fp/hard\libnosys.a(_exit.o)
                              c:/program files (x86)/gnu tools arm embedded/9 2019-q4-major/bin/../lib/gcc/arm-none-eabi/9.2.1/../../../../arm-none-eabi/lib/thumb/v7e-m+fp/hard\libc_nano.a(lib_a-exit.o) (_exit)
c:/program files (x86)/gnu tools arm embedded/9 2019-q4-major/bin/../lib/gcc/arm-none-eabi/9.2.1/thumb/v7e-m+fp/hard\libgcc.a(_aeabi_ldivmod.o)
                              _build/nrf52840_xxaa/bsp.c.o (__aeabi_ldivmod)
c:/program files (x86)/gnu tools arm embedded/9 2019-q4-major/bin/../lib/gcc/arm-none-eabi/9.2.1/thumb/v7e-m+fp/hard\libgcc.a(_aeabi_uldivmod.o)
                              _build/nrf52840_xxaa/bsp.c.o (__aeabi_uldivmod)
c:/program files (x86)/gnu tools arm embedded/9 2019-q4-major/bin/../lib/gcc/arm-none-eabi/9.2.1/thumb/v7e-m+fp/hard\libgcc.a(_udivmoddi4.o)
                              c:/program files (x86)/gnu tools arm embedded/9 2019-q4-major/bin/../lib/gcc/arm-none-eabi/9.2.1/thumb/v7e-m+fp/hard\libgcc.a(_aeabi_ldivmod.o) (__udivmoddi4)
c:/program files (x86)/gnu tools arm embedded/9 2019-q4-major/bin/../lib/gcc/arm-none-eabi/9.2.1/thumb/v7e-m+fp/hard\libgcc.a(_dvmd_tls.o)
                              c:/program files (x86)/gnu tools arm embedded/9 2019-q4-major/bin/../lib/gcc/arm-none-eabi/9.2.1/thumb/v7e-m+fp/hard\libgcc.a(_aeabi_ldivmod.o) (__aeabi_ldiv0)

Allocating common symbols
Common symbol       size              file

nrf_drv_uart_use_easy_dma
                    0x2               _build/nrf52840_xxaa/nrf_drv_uart.c.o
_SEGGER_RTT         0x78              _build/nrf52840_xxaa/SEGGER_RTT.c.o

Discarded input sections

 .text          0x00000000        0x0 c:/program files (x86)/gnu tools arm embedded/9 2019-q4-major/bin/../lib/gcc/arm-none-eabi/9.2.1/thumb/v7e-m+fp/hard/crti.o
 .data          0x00000000        0x0 c:/program files (x86)/gnu tools arm embedded/9 2019-q4-major/bin/../lib/gcc/arm-none-eabi/9.2.1/thumb/v7e-m+fp/hard/crti.o
 .bss           0x00000000        0x0 c:/program files (x86)/gnu tools arm embedded/9 2019-q4-major/bin/../lib/gcc/arm-none-eabi/9.2.1/thumb/v7e-m+fp/hard/crti.o
[...]
Memory Configuration

Name             Origin             Length             Attributes
FLASH            0x00000000         0x00100000         xr
RAM              0x20000000         0x00040000         xrw
*default*        0x00000000         0xffffffff

Linker script and memory map


.text           0x00000000     0x1d24
 *(.isr_vector)
 .isr_vector    0x00000000      0x200 _build/nrf52840_xxaa/gcc_startup_nrf52840.S.o
                0x00000000                __isr_vector
 *(.text*)
 .text          0x00000200       0x40 c:/program files (x86)/gnu tools arm embedded/9 2019-q4-major/bin/../lib/gcc/arm-none-eabi/9.2.1/thumb/v7e-m+fp/hard/crtbegin.o
 .text          0x00000240       0x74 c:/program files (x86)/gnu tools arm embedded/9 2019-q4-major/bin/../lib/gcc/arm-none-eabi/9.2.1/../../../../arm-none-eabi/lib/thumb/v7e-m+fp/hard/crt0.o
                0x00000240                _start
                0x00000240                _mainCRTStartup
 .text          0x000002b4       0x3c _build/nrf52840_xxaa/gcc_startup_nrf52840.S.o
                0x000002b4                Reset_Handler
                0x000002dc                NMI_Handler
                0x000002de                HardFault_Handler
                0x000002e0                MemoryManagement_Handler
                0x000002e2                BusFault_Handler
                0x000002e4                UsageFault_Handler
                0x000002e6                SVC_Handler
                0x000002e8                DebugMon_Handler
                0x000002ea                PendSV_Handler
                0x000002ec                SysTick_Handler
                0x000002ee                POWER_CLOCK_IRQHandler
                0x000002ee                RADIO_IRQHandler
                0x000002ee                PDM_IRQHandler
                0x000002ee                TEMP_IRQHandler
                0x000002ee                QDEC_IRQHandler
                0x000002ee                SWI0_EGU0_IRQHandler
                0x000002ee                PWM3_IRQHandler
                0x000002ee                FPU_IRQHandler
                0x000002ee                USBD_IRQHandler
                0x000002ee                SPIM0_SPIS0_TWIM0_TWIS0_SPI0_TWI0_IRQHandler
                0x000002ee                PWM1_IRQHandler
                0x000002ee                TIMER3_IRQHandler
                0x000002ee                CRYPTOCELL_IRQHandler
                0x000002ee                RTC0_IRQHandler
                0x000002ee                SWI4_EGU4_IRQHandler
                0x000002ee                TIMER0_IRQHandler
                0x000002ee                SWI2_EGU2_IRQHandler
                0x000002ee                UARTE1_IRQHandler
                0x000002ee                TIMER1_IRQHandler
                0x000002ee                SPIM3_IRQHandler
                0x000002ee                PWM2_IRQHandler
                0x000002ee                ECB_IRQHandler
                0x000002ee                SPIM1_SPIS1_TWIM1_TWIS1_SPI1_TWI1_IRQHandler
                0x000002ee                Default_Handler
                0x000002ee                SAADC_IRQHandler
                0x000002ee                CCM_AAR_IRQHandler
                0x000002ee                WDT_IRQHandler
                0x000002ee                TIMER4_IRQHandler
                0x000002ee                SWI5_EGU5_IRQHandler
                0x000002ee                RNG_IRQHandler
                0x000002ee                RTC2_IRQHandler
                0x000002ee                PWM0_IRQHandler
                0x000002ee                SWI3_EGU3_IRQHandler
                0x000002ee                SWI1_EGU1_IRQHandler
                0x000002ee                SPIM2_SPIS2_SPI2_IRQHandler
                0x000002ee                NFCT_IRQHandler
                0x000002ee                I2S_IRQHandler
                0x000002ee                MWU_IRQHandler
                0x000002ee                TIMER2_IRQHandler
                0x000002ee                QSPI_IRQHandler
                0x000002ee                COMP_LPCOMP_IRQHandler
 .text.nrf_log_default_backends_init
                0x000002f0        0x4 _build/nrf52840_xxaa/nrf_log_default_backends.c.o
                0x000002f0                nrf_log_default_backends_init
 .text.nrf_log_init
                0x000002f4       0x28 _build/nrf52840_xxaa/nrf_log_frontend.c.o
                0x000002f4                nrf_log_init
 .text.nrf_log_frontend_dequeue
                0x0000031c      0x244 _build/nrf52840_xxaa/nrf_log_frontend.c.o
                0x0000031c                nrf_log_frontend_dequeue
 .text.nrf_log_frontend_std_0
                0x00000560      0x180 _build/nrf52840_xxaa/nrf_log_frontend.c.o
                0x00000560                nrf_log_frontend_std_0
 .text.nrf_log_frontend_std_2
                0x000006e0      0x1a4 _build/nrf52840_xxaa/nrf_log_frontend.c.o
                0x000006e0                nrf_log_frontend_std_2
 .text.nrf_log_frontend_std_3
                0x00000884      0x1b0 _build/nrf52840_xxaa/nrf_log_frontend.c.o
                0x00000884                nrf_log_frontend_std_3
 .text.nrf_log_panic
                0x00000a34       0x28 _build/nrf52840_xxaa/nrf_log_frontend.c.o
                0x00000a34                nrf_log_panic
 .text.app_error_handler_bare
                0x00000a5c       0x20 _build/nrf52840_xxaa/app_error.c.o
                0x00000a5c                app_error_handler_bare
 .text.app_error_fault_handler
                0x00000a7c       0x70 _build/nrf52840_xxaa/app_error_weak.c.o
                0x00000a7c                app_error_fault_handler
 .text.app_util_critical_region_enter
                0x00000aec       0x10 _build/nrf52840_xxaa/app_util_platform.c.o
                0x00000aec                app_util_critical_region_enter
 .text.app_util_critical_region_exit
                0x00000afc       0x14 _build/nrf52840_xxaa/app_util_platform.c.o
                0x00000afc                app_util_critical_region_exit
 .text.RTC1_IRQHandler
                0x00000b10       0x14 _build/nrf52840_xxaa/drv_rtc.c.o
                0x00000b10                RTC1_IRQHandler
 .text.nrf_atomic_u32_fetch_store
                0x00000b24       0x1c _build/nrf52840_xxaa/nrf_atomic.c.o
                0x00000b24                nrf_atomic_u32_fetch_store
 .text.nrf_atomic_u32_add
                0x00000b40       0x1c _build/nrf52840_xxaa/nrf_atomic.c.o
                0x00000b40                nrf_atomic_u32_add
 .text.nrf_atomic_u32_sub
                0x00000b5c       0x1c _build/nrf52840_xxaa/nrf_atomic.c.o
                0x00000b5c                nrf_atomic_u32_sub
 .text.nrf_atomic_flag_set
                0x00000b78       0x20 _build/nrf52840_xxaa/nrf_atomic.c.o
                0x00000b78                nrf_atomic_flag_set
 .text.nrf_atomic_flag_clear_fetch
                0x00000b98       0x20 _build/nrf52840_xxaa/nrf_atomic.c.o
                0x00000b98                nrf_atomic_flag_clear_fetch
 .text.nrf_balloc_init
                0x00000bb8       0x38 _build/nrf52840_xxaa/nrf_balloc.c.o
                0x00000bb8                nrf_balloc_init
 .text.nrf_balloc_alloc
                0x00000bf0       0x4c _build/nrf52840_xxaa/nrf_balloc.c.o
                0x00000bf0                nrf_balloc_alloc
 .text.nrf_balloc_free
                0x00000c3c       0x2c _build/nrf52840_xxaa/nrf_balloc.c.o
                0x00000c3c                nrf_balloc_free
 .text.nrf_memobj_pool_init
                0x00000c68        0x4 _build/nrf52840_xxaa/nrf_memobj.c.o
                0x00000c68                nrf_memobj_pool_init
 .text.nrf_memobj_alloc
                0x00000c6c       0x94 _build/nrf52840_xxaa/nrf_memobj.c.o
                0x00000c6c                nrf_memobj_alloc
 .text.nrf_memobj_get
                0x00000d00        0x8 _build/nrf52840_xxaa/nrf_memobj.c.o
                0x00000d00                nrf_memobj_get
 .text.nrf_memobj_put
                0x00000d08       0x58 _build/nrf52840_xxaa/nrf_memobj.c.o
                0x00000d08                nrf_memobj_put
 .text.nrf_memobj_write
                0x00000d60       0x68 _build/nrf52840_xxaa/nrf_memobj.c.o
                0x00000d60                nrf_memobj_write
 .text.nrf_ringbuf_init
                0x00000dc8       0x1c _build/nrf52840_xxaa/nrf_ringbuf.c.o
                0x00000dc8                nrf_ringbuf_init
 .text.GPIOTE_IRQHandler
                0x00000de4      0x500 _build/nrf52840_xxaa/nrfx_gpiote.c.o
                0x00000de4                GPIOTE_IRQHandler
 .text.UARTE0_UART0_IRQHandler
                0x000012e4        0xc _build/nrf52840_xxaa/nrfx_prs.c.o
                0x000012e4                UARTE0_UART0_IRQHandler
 .text.delay_tc
                0x000012f0       0x48 _build/nrf52840_xxaa/main.c.o
 .text.bdm_start
                0x00001338      0x2a4 _build/nrf52840_xxaa/main.c.o
                0x00001338                bdm_start
 .text.log_init
                0x000015dc       0x24 _build/nrf52840_xxaa/main.c.o
 .text.test_read_eeprom
                0x00001600      0x280 _build/nrf52840_xxaa/main.c.o
                0x00001600                test_read_eeprom
 .text.startup.main
                0x00001880       0x70 _build/nrf52840_xxaa/main.c.o
                0x00001880                main
 .text.SystemInit
                0x000018f0      0x220 _build/nrf52840_xxaa/system_nrf52840.c.o
                0x000018f0                SystemInit
 .text.exit     0x00001b10       0x28 c:/program files (x86)/gnu tools arm embedded/9 2019-q4-major/bin/../lib/gcc/arm-none-eabi/9.2.1/../../../../arm-none-eabi/lib/thumb/v7e-m+fp/hard\libc_nano.a(lib_a-exit.o)
                0x00001b10                exit
 .text.__libc_init_array
                0x00001b38       0x48 c:/program files (x86)/gnu tools arm embedded/9 2019-q4-major/bin/../lib/gcc/arm-none-eabi/9.2.1/../../../../arm-none-eabi/lib/thumb/v7e-m+fp/hard\libc_nano.a(lib_a-init.o)
                0x00001b38                __libc_init_array
 .text.memcpy   0x00001b80       0x1c c:/program files (x86)/gnu tools arm embedded/9 2019-q4-major/bin/../lib/gcc/arm-none-eabi/9.2.1/../../../../arm-none-eabi/lib/thumb/v7e-m+fp/hard\libc_nano.a(lib_a-memcpy-stub.o)
                0x00001b80                memcpy
 .text.memset   0x00001b9c       0x10 c:/program files (x86)/gnu tools arm embedded/9 2019-q4-major/bin/../lib/gcc/arm-none-eabi/9.2.1/../../../../arm-none-eabi/lib/thumb/v7e-m+fp/hard\libc_nano.a(lib_a-memset.o)
                0x00001b9c                memset
 .text._exit    0x00001bac        0x4 c:/program files (x86)/gnu tools arm embedded/9 2019-q4-major/bin/../lib/gcc/arm-none-eabi/9.2.1/../../../../arm-none-eabi/lib/thumb/v7e-m+fp/hard\libnosys.a(_exit.o)
                0x00001bac                _exit
 *(.init)
 .init          0x00001bb0        0x4 c:/program files (x86)/gnu tools arm embedded/9 2019-q4-major/bin/../lib/gcc/arm-none-eabi/9.2.1/thumb/v7e-m+fp/hard/crti.o
                0x00001bb0                _init
 .init          0x00001bb4        0x8 c:/program files (x86)/gnu tools arm embedded/9 2019-q4-major/bin/../lib/gcc/arm-none-eabi/9.2.1/thumb/v7e-m+fp/hard/crtn.o
 *(.fini)
 .fini          0x00001bbc        0x4 c:/program files (x86)/gnu tools arm embedded/9 2019-q4-major/bin/../lib/gcc/arm-none-eabi/9.2.1/thumb/v7e-m+fp/hard/crti.o
                0x00001bbc                _fini
 .fini          0x00001bc0        0x8 c:/program files (x86)/gnu tools arm embedded/9 2019-q4-major/bin/../lib/gcc/arm-none-eabi/9.2.1/thumb/v7e-m+fp/hard/crtn.o
 *crtbegin.o(.ctors)
 *crtbegin?.o(.ctors)
 *(EXCLUDE_FILE(*crtend.o *crtend?.o) .ctors)
 *(SORT_BY_NAME(.ctors.*))
 *(.ctors)
 *crtbegin.o(.dtors)
 *crtbegin?.o(.dtors)
 *(EXCLUDE_FILE(*crtend.o *crtend?.o) .dtors)
 *(SORT_BY_NAME(.dtors.*))
 *(.dtors)
 *(.rodata*)
 .rodata.nrf_log_frontend_dequeue.str1.4
                0x00001bc8       0x11 _build/nrf52840_xxaa/nrf_log_frontend.c.o
 *fill*         0x00001bd9        0x3 
 .rodata.str1.4
                0x00001bdc        0x4 _build/nrf52840_xxaa/nrf_log_frontend.c.o
 .rodata.m_log_push_ringbuf
                0x00001be0        0xc _build/nrf52840_xxaa/nrf_log_frontend.c.o
 .rodata.str1.4
                0x00001bec        0xb _build/nrf52840_xxaa/app_button.c.o
 *fill*         0x00001bf7        0x1 
 .rodata.app_error_fault_handler.str1.4
                0x00001bf8       0x19 _build/nrf52840_xxaa/app_error_weak.c.o
 *fill*         0x00001c11        0x3 
 .rodata.str1.4
                0x00001c14        0xa _build/nrf52840_xxaa/app_timer2.c.o
 *fill*         0x00001c1e        0x2 
 .rodata.str1.4
                0x00001c20        0x9 _build/nrf52840_xxaa/nrf_sortlist.c.o
 *fill*         0x00001c29        0x3 
 .rodata.str1.4
                0x00001c2c        0x7 _build/nrf52840_xxaa/nrfx_gpiote.c.o
 *fill*         0x00001c33        0x1 
 .rodata.str1.4
                0x00001c34        0x4 _build/nrf52840_xxaa/nrfx_prs.c.o
 .rodata.str1.4
                0x00001c38        0x5 _build/nrf52840_xxaa/nrfx_uart.c.o
 *fill*         0x00001c3d        0x3 
 .rodata.str1.4
                0x00001c40        0x6 _build/nrf52840_xxaa/nrfx_uarte.c.o
 *fill*         0x00001c46        0x2 
 .rodata        0x00001c48       0xbe _build/nrf52840_xxaa/main.c.o
 *fill*         0x00001d06        0xa 
 .rodata.delay_machine_code.8372
                0x00001d10        0x6 _build/nrf52840_xxaa/main.c.o
 *fill*         0x00001d16        0x2 
 .rodata.CSWTCH.6
                0x00001d18        0x4 _build/nrf52840_xxaa/system_nrf52840.c.o
 .rodata._global_impure_ptr
                0x00001d1c        0x4 c:/program files (x86)/gnu tools arm embedded/9 2019-q4-major/bin/../lib/gcc/arm-none-eabi/9.2.1/../../../../arm-none-eabi/lib/thumb/v7e-m+fp/hard\libc_nano.a(lib_a-impure.o)
                0x00001d1c                _global_impure_ptr
 *(.eh_frame*)
 .eh_frame      0x00001d20        0x0 c:/program files (x86)/gnu tools arm embedded/9 2019-q4-major/bin/../lib/gcc/arm-none-eabi/9.2.1/thumb/v7e-m+fp/hard/crtbegin.o
 .eh_frame      0x00001d20        0x4 c:/program files (x86)/gnu tools arm embedded/9 2019-q4-major/bin/../lib/gcc/arm-none-eabi/9.2.1/thumb/v7e-m+fp/hard/crtend.o

.glue_7         0x00001d24        0x0
 .glue_7        0x00001d24        0x0 linker stubs

.glue_7t        0x00001d24        0x0
 .glue_7t       0x00001d24        0x0 linker stubs

.vfp11_veneer   0x00001d24        0x0
 .vfp11_veneer  0x00001d24        0x0 linker stubs

.v4_bx          0x00001d24        0x0
 .v4_bx         0x00001d24        0x0 linker stubs

.iplt           0x00001d24        0x0
 .iplt          0x00001d24        0x0 c:/program files (x86)/gnu tools arm embedded/9 2019-q4-major/bin/../lib/gcc/arm-none-eabi/9.2.1/thumb/v7e-m+fp/hard/crtbegin.o

.mem_section_dummy_rom

.log_const_data
                0x00001d24       0x40
                0x00001d24                PROVIDE (__start_log_const_data = .)
 *(SORT_BY_NAME(.log_const_data*))
 .log_const_data_GPIOTE
                0x00001d24        0x8 _build/nrf52840_xxaa/nrfx_gpiote.c.o
                0x00001d24                m_nrf_log_GPIOTE_logs_data_const
 .log_const_data_PRS
                0x00001d2c        0x8 _build/nrf52840_xxaa/nrfx_prs.c.o
                0x00001d2c                m_nrf_log_PRS_logs_data_const
 .log_const_data_UART
                0x00001d34        0x8 _build/nrf52840_xxaa/nrfx_uart.c.o
                0x00001d34                m_nrf_log_UART_logs_data_const
 .log_const_data_UARTE
                0x00001d3c        0x8 _build/nrf52840_xxaa/nrfx_uarte.c.o
                0x00001d3c                m_nrf_log_UARTE_logs_data_const
 .log_const_data_app
                0x00001d44        0x8 _build/nrf52840_xxaa/nrf_log_frontend.c.o
                0x00001d44                m_nrf_log_app_logs_data_const
 .log_const_data_app_button
                0x00001d4c        0x8 _build/nrf52840_xxaa/app_button.c.o
                0x00001d4c                m_nrf_log_app_button_logs_data_const
 .log_const_data_app_timer
                0x00001d54        0x8 _build/nrf52840_xxaa/app_timer2.c.o
                0x00001d54                m_nrf_log_app_timer_logs_data_const
 .log_const_data_sortlist
                0x00001d5c        0x8 _build/nrf52840_xxaa/nrf_sortlist.c.o
                0x00001d5c                m_nrf_log_sortlist_logs_data_const
                0x00001d64                PROVIDE (__stop_log_const_data = .)

.log_backends   0x00001d64        0x0
                [!provide]                PROVIDE (__start_log_backends = .)
 *(SORT_BY_NAME(.log_backends*))
                [!provide]                PROVIDE (__stop_log_backends = .)

.nrf_balloc     0x00001d64       0x14
                [!provide]                PROVIDE (__start_nrf_balloc = .)
 *(.nrf_balloc)
 .nrf_balloc    0x00001d64       0x14 _build/nrf52840_xxaa/nrf_log_frontend.c.o
                0x00001d64                log_mempool
                [!provide]                PROVIDE (__stop_nrf_balloc = .)

.ARM.extab
 *(.ARM.extab* .gnu.linkonce.armextab.*)
                0x00001d78                __exidx_start = .

.ARM.exidx      0x00001d78        0x8
 *(.ARM.exidx* .gnu.linkonce.armexidx.*)
 .ARM.exidx     0x00001d78        0x8 c:/program files (x86)/gnu tools arm embedded/9 2019-q4-major/bin/../lib/gcc/arm-none-eabi/9.2.1/../../../../arm-none-eabi/lib/thumb/v7e-m+fp/hard/crt0.o
                0x00001d80                __exidx_end = .

.rel.dyn        0x00001d80        0x0
 .rel.iplt      0x00001d80        0x0 c:/program files (x86)/gnu tools arm embedded/9 2019-q4-major/bin/../lib/gcc/arm-none-eabi/9.2.1/thumb/v7e-m+fp/hard/crtbegin.o
                0x00001d80                . = ALIGN (0x4)
                0x00001d80                __etext = .

.data           0x20000000       0x70 load address 0x00001d80
                0x20000000                __data_start__ = .
 *(vtable)
 *(.data*)
 .data.address.9481
                0x20000000        0x2 _build/nrf52840_xxaa/main.c.o
 .data.address_e.9482
                0x20000002        0x2 _build/nrf52840_xxaa/main.c.o
 .data.SystemCoreClock
                0x20000004        0x4 _build/nrf52840_xxaa/system_nrf52840.c.o
                0x20000004                SystemCoreClock
 .data.impure_data
                0x20000008       0x60 c:/program files (x86)/gnu tools arm embedded/9 2019-q4-major/bin/../lib/gcc/arm-none-eabi/9.2.1/../../../../arm-none-eabi/lib/thumb/v7e-m+fp/hard\libc_nano.a(lib_a-impure.o)
                0x20000068                . = ALIGN (0x4)
                0x20000068                PROVIDE (__preinit_array_start = .)
 *(.preinit_array)
                0x20000068                PROVIDE (__preinit_array_end = .)
                0x20000068                . = ALIGN (0x4)
                0x20000068                PROVIDE (__init_array_start = .)
 *(SORT_BY_NAME(.init_array.*))
 *(.init_array)
 .init_array    0x20000068        0x4 c:/program files (x86)/gnu tools arm embedded/9 2019-q4-major/bin/../lib/gcc/arm-none-eabi/9.2.1/thumb/v7e-m+fp/hard/crtbegin.o
                0x2000006c                PROVIDE (__init_array_end = .)
                0x2000006c                . = ALIGN (0x4)
                [!provide]                PROVIDE (__fini_array_start = .)
 *(SORT_BY_NAME(.fini_array.*))
 *(.fini_array)
 .fini_array    0x2000006c        0x4 c:/program files (x86)/gnu tools arm embedded/9 2019-q4-major/bin/../lib/gcc/arm-none-eabi/9.2.1/thumb/v7e-m+fp/hard/crtbegin.o
                [!provide]                PROVIDE (__fini_array_end = .)
 *(.jcr*)
                0x20000070                . = ALIGN (0x4)
                0x20000070                __data_end__ = .
LOAD c:/program files (x86)/gnu tools arm embedded/9 2019-q4-major/bin/../lib/gcc/arm-none-eabi/9.2.1/thumb/v7e-m+fp/hard/crti.o
LOAD c:/program files (x86)/gnu tools arm embedded/9 2019-q4-major/bin/../lib/gcc/arm-none-eabi/9.2.1/thumb/v7e-m+fp/hard/crtbegin.o
LOAD c:/program files (x86)/gnu tools arm embedded/9 2019-q4-major/bin/../lib/gcc/arm-none-eabi/9.2.1/../../../../arm-none-eabi/lib/thumb/v7e-m+fp/hard/crt0.o
LOAD _build/nrf52840_xxaa/gcc_startup_nrf52840.S.o
LOAD _build/nrf52840_xxaa/nrf_log_backend_rtt.c.o
LOAD _build/nrf52840_xxaa/nrf_log_backend_serial.c.o
LOAD _build/nrf52840_xxaa/nrf_log_backend_uart.c.o
LOAD _build/nrf52840_xxaa/nrf_log_default_backends.c.o
LOAD _build/nrf52840_xxaa/nrf_log_frontend.c.o
LOAD _build/nrf52840_xxaa/nrf_log_str_formatter.c.o
LOAD _build/nrf52840_xxaa/boards.c.o
LOAD _build/nrf52840_xxaa/app_button.c.o
LOAD _build/nrf52840_xxaa/app_error.c.o
LOAD _build/nrf52840_xxaa/app_error_handler_gcc.c.o
LOAD _build/nrf52840_xxaa/app_error_weak.c.o
LOAD _build/nrf52840_xxaa/app_fifo.c.o
LOAD _build/nrf52840_xxaa/app_scheduler.c.o
LOAD _build/nrf52840_xxaa/app_timer2.c.o
LOAD _build/nrf52840_xxaa/app_uart_fifo.c.o
LOAD _build/nrf52840_xxaa/app_util_platform.c.o
LOAD _build/nrf52840_xxaa/drv_rtc.c.o
LOAD _build/nrf52840_xxaa/nrf_assert.c.o
LOAD _build/nrf52840_xxaa/nrf_atfifo.c.o
LOAD _build/nrf52840_xxaa/nrf_atomic.c.o
LOAD _build/nrf52840_xxaa/nrf_balloc.c.o
LOAD _build/nrf52840_xxaa/nrf_fprintf.c.o
LOAD _build/nrf52840_xxaa/nrf_fprintf_format.c.o
LOAD _build/nrf52840_xxaa/nrf_memobj.c.o
LOAD _build/nrf52840_xxaa/nrf_ringbuf.c.o
LOAD _build/nrf52840_xxaa/nrf_sortlist.c.o
LOAD _build/nrf52840_xxaa/nrf_strerror.c.o
LOAD _build/nrf52840_xxaa/retarget.c.o
LOAD _build/nrf52840_xxaa/nrf_drv_uart.c.o
LOAD _build/nrf52840_xxaa/nrfx_atomic.c.o
LOAD _build/nrf52840_xxaa/nrfx_gpiote.c.o
LOAD _build/nrf52840_xxaa/nrfx_prs.c.o
LOAD _build/nrf52840_xxaa/nrfx_uart.c.o
LOAD _build/nrf52840_xxaa/nrfx_uarte.c.o
LOAD _build/nrf52840_xxaa/bsp.c.o
LOAD _build/nrf52840_xxaa/main.c.o
LOAD _build/nrf52840_xxaa/SEGGER_RTT.c.o
LOAD _build/nrf52840_xxaa/SEGGER_RTT_Syscalls_GCC.c.o
LOAD _build/nrf52840_xxaa/SEGGER_RTT_printf.c.o
LOAD _build/nrf52840_xxaa/system_nrf52840.c.o
LOAD c:/program files (x86)/gnu tools arm embedded/9 2019-q4-major/bin/../lib/gcc/arm-none-eabi/9.2.1/../../../../arm-none-eabi/lib/thumb/v7e-m+fp/hard\libc_nano.a
LOAD c:/program files (x86)/gnu tools arm embedded/9 2019-q4-major/bin/../lib/gcc/arm-none-eabi/9.2.1/../../../../arm-none-eabi/lib/thumb/v7e-m+fp/hard\libnosys.a
LOAD c:/program files (x86)/gnu tools arm embedded/9 2019-q4-major/bin/../lib/gcc/arm-none-eabi/9.2.1/../../../../arm-none-eabi/lib/thumb/v7e-m+fp/hard\libm.a
START GROUP
LOAD c:/program files (x86)/gnu tools arm embedded/9 2019-q4-major/bin/../lib/gcc/arm-none-eabi/9.2.1/thumb/v7e-m+fp/hard\libgcc.a
LOAD c:/program files (x86)/gnu tools arm embedded/9 2019-q4-major/bin/../lib/gcc/arm-none-eabi/9.2.1/../../../../arm-none-eabi/lib/thumb/v7e-m+fp/hard\libg_nano.a
LOAD c:/program files (x86)/gnu tools arm embedded/9 2019-q4-major/bin/../lib/gcc/arm-none-eabi/9.2.1/../../../../arm-none-eabi/lib/thumb/v7e-m+fp/hard\libc_nano.a
END GROUP
START GROUP
LOAD c:/program files (x86)/gnu tools arm embedded/9 2019-q4-major/bin/../lib/gcc/arm-none-eabi/9.2.1/thumb/v7e-m+fp/hard\libgcc.a
LOAD c:/program files (x86)/gnu tools arm embedded/9 2019-q4-major/bin/../lib/gcc/arm-none-eabi/9.2.1/../../../../arm-none-eabi/lib/thumb/v7e-m+fp/hard\libc_nano.a
END GROUP
LOAD c:/program files (x86)/gnu tools arm embedded/9 2019-q4-major/bin/../lib/gcc/arm-none-eabi/9.2.1/thumb/v7e-m+fp/hard/crtend.o
LOAD c:/program files (x86)/gnu tools arm embedded/9 2019-q4-major/bin/../lib/gcc/arm-none-eabi/9.2.1/thumb/v7e-m+fp/hard/crtn.o
START GROUP
LOAD c:/program files (x86)/gnu tools arm embedded/9 2019-q4-major/bin/../lib/gcc/arm-none-eabi/9.2.1/thumb/v7e-m+fp/hard\libgcc.a
LOAD c:/program files (x86)/gnu tools arm embedded/9 2019-q4-major/bin/../lib/gcc/arm-none-eabi/9.2.1/../../../../arm-none-eabi/lib/thumb/v7e-m+fp/hard\libc.a
LOAD c:/program files (x86)/gnu tools arm embedded/9 2019-q4-major/bin/../lib/gcc/arm-none-eabi/9.2.1/../../../../arm-none-eabi/lib/thumb/v7e-m+fp/hard\libnosys.a
END GROUP

.igot.plt       0x20000070        0x0 load address 0x00001df0
 .igot.plt      0x20000070        0x0 c:/program files (x86)/gnu tools arm embedded/9 2019-q4-major/bin/../lib/gcc/arm-none-eabi/9.2.1/thumb/v7e-m+fp/hard/crtbegin.o
                0x20000070                . = ALIGN (0x4)

.mem_section_dummy_ram

.log_dynamic_data
                0x20000070        0x0
                0x20000070                PROVIDE (__start_log_dynamic_data = .)
 *(SORT_BY_NAME(.log_dynamic_data*))
                [!provide]                PROVIDE (__stop_log_dynamic_data = .)

.log_filter_data
                0x20000070        0x0
                [!provide]                PROVIDE (__start_log_filter_data = .)
 *(SORT_BY_NAME(.log_filter_data*))
                [!provide]                PROVIDE (__stop_log_filter_data = .)

.bss            0x20000070      0x640 load address 0x00001df0
                0x20000070                . = ALIGN (0x4)
                0x20000070                __bss_start__ = .
 *(.bss*)
 .bss           0x20000070       0x1c c:/program files (x86)/gnu tools arm embedded/9 2019-q4-major/bin/../lib/gcc/arm-none-eabi/9.2.1/thumb/v7e-m+fp/hard/crtbegin.o
 .bss.log_mempool_nrf_balloc_cb
                0x2000008c        0x8 _build/nrf52840_xxaa/nrf_log_frontend.c.o
 .bss.log_mempool_nrf_balloc_pool_mem
                0x20000094       0xc0 _build/nrf52840_xxaa/nrf_log_frontend.c.o
 .bss.log_mempool_nrf_balloc_pool_stack
                0x20000154        0x8 _build/nrf52840_xxaa/nrf_log_frontend.c.o
 .bss.m_log_data
                0x2000015c      0x420 _build/nrf52840_xxaa/nrf_log_frontend.c.o
 .bss.m_log_push_ringbuf_buf
                0x2000057c       0x80 _build/nrf52840_xxaa/nrf_log_frontend.c.o
 .bss.m_log_push_ringbuf_cb
                0x200005fc       0x18 _build/nrf52840_xxaa/nrf_log_frontend.c.o
 .bss.m_in_critical_region
                0x20000614        0x4 _build/nrf52840_xxaa/app_util_platform.c.o
 .bss.m_cb      0x20000618        0x8 _build/nrf52840_xxaa/drv_rtc.c.o
 .bss.m_handlers
                0x20000620        0x4 _build/nrf52840_xxaa/drv_rtc.c.o
 *fill*         0x20000624        0x4 
 .bss.m_cb      0x20000628       0x6c _build/nrf52840_xxaa/nrfx_gpiote.c.o
 .bss.m_prs_box_4
                0x20000694        0x8 _build/nrf52840_xxaa/nrfx_prs.c.o
 .bss.bdm_data  0x2000069c       0x14 _build/nrf52840_xxaa/main.c.o
                0x2000069c                bdm_data
 *(COMMON)
                0x200006b0                . = ALIGN (0x4)
                0x200006b0                __bss_end__ = .

.heap           0x200006b0     0x2000
                0x200006b0                __HeapBase = .
                0x200006b0                __end__ = .
                [!provide]                PROVIDE (end = .)
 *(.heap*)
 .heap          0x200006b0     0x2000 _build/nrf52840_xxaa/gcc_startup_nrf52840.S.o
                0x200026b0                __HeapLimit = .

.stack_dummy    0x200006b0     0x2000
 *(.stack*)
 .stack         0x200006b0     0x2000 _build/nrf52840_xxaa/gcc_startup_nrf52840.S.o
                0x20040000                __StackTop = (ORIGIN (RAM) + LENGTH (RAM))
                0x2003e000                __StackLimit = (__StackTop - SIZEOF (.stack_dummy))
                0x20040000                PROVIDE (__stack = __StackTop)
                0x00000001                ASSERT ((__StackLimit >= __HeapLimit), region RAM overflowed with stack)
                0x00000070                DataInitFlashUsed = (__bss_start__ - __data_start__)
                0x00001d80                CodeFlashUsed = (__etext - ORIGIN (FLASH))
                0x00001df0                TotalFlashUsed = (CodeFlashUsed + DataInitFlashUsed)
                0x00000001                ASSERT ((TotalFlashUsed <= LENGTH (FLASH)), region FLASH overflowed with .data and user data)
OUTPUT(_build/nrf52840_xxaa.out elf32-littlearm)

.ARM.attributes
                0x00000000       0x30
 .ARM.attributes
                0x00000000       0x1e c:/program files (x86)/gnu tools arm embedded/9 2019-q4-major/bin/../lib/gcc/arm-none-eabi/9.2.1/thumb/v7e-m+fp/hard/crti.o
 .ARM.attributes
                0x0000001e       0x34 c:/program files (x86)/gnu tools arm embedded/9 2019-q4-major/bin/../lib/gcc/arm-none-eabi/9.2.1/thumb/v7e-m+fp/hard/crtbegin.o
 .ARM.attributes
                0x00000052       0x1c c:/program files (x86)/gnu tools arm embedded/9 2019-q4-major/bin/../lib/gcc/arm-none-eabi/9.2.1/../../../../arm-none-eabi/lib/thumb/v7e-m+fp/hard/crt0.o
 .ARM.attributes
                0x0000006e       0x20 _build/nrf52840_xxaa/gcc_startup_nrf52840.S.o
 .ARM.attributes
                0x0000008e       0x34 _build/nrf52840_xxaa/nrf_log_default_backends.c.o
 .ARM.attributes
                0x000000c2       0x34 _build/nrf52840_xxaa/nrf_log_frontend.c.o
 .ARM.attributes
                0x000000f6       0x34 _build/nrf52840_xxaa/app_button.c.o
 .ARM.attributes
                0x0000012a       0x34 _build/nrf52840_xxaa/app_error.c.o
 .ARM.attributes
                0x0000015e       0x34 _build/nrf52840_xxaa/app_error_weak.c.o
 .ARM.attributes
                0x00000192       0x34 _build/nrf52840_xxaa/app_timer2.c.o
 .ARM.attributes
                0x000001c6       0x34 _build/nrf52840_xxaa/app_util_platform.c.o
 .ARM.attributes
                0x000001fa       0x34 _build/nrf52840_xxaa/drv_rtc.c.o
 .ARM.attributes
                0x0000022e       0x34 _build/nrf52840_xxaa/nrf_atomic.c.o
 .ARM.attributes
                0x00000262       0x34 _build/nrf52840_xxaa/nrf_balloc.c.o
 .ARM.attributes
                0x00000296       0x34 _build/nrf52840_xxaa/nrf_memobj.c.o
 .ARM.attributes
                0x000002ca       0x34 _build/nrf52840_xxaa/nrf_ringbuf.c.o
 .ARM.attributes
                0x000002fe       0x34 _build/nrf52840_xxaa/nrf_sortlist.c.o
 .ARM.attributes
                0x00000332       0x34 _build/nrf52840_xxaa/nrfx_gpiote.c.o
 .ARM.attributes
                0x00000366       0x34 _build/nrf52840_xxaa/nrfx_prs.c.o
 .ARM.attributes
                0x0000039a       0x34 _build/nrf52840_xxaa/nrfx_uart.c.o
 .ARM.attributes
                0x000003ce       0x34 _build/nrf52840_xxaa/nrfx_uarte.c.o
 .ARM.attributes
                0x00000402       0x34 _build/nrf52840_xxaa/main.c.o
 .ARM.attributes
                0x00000436       0x34 _build/nrf52840_xxaa/system_nrf52840.c.o
 .ARM.attributes
                0x0000046a       0x34 c:/program files (x86)/gnu tools arm embedded/9 2019-q4-major/bin/../lib/gcc/arm-none-eabi/9.2.1/../../../../arm-none-eabi/lib/thumb/v7e-m+fp/hard\libc_nano.a(lib_a-exit.o)
 .ARM.attributes
                0x0000049e       0x32 c:/program files (x86)/gnu tools arm embedded/9 2019-q4-major/bin/../lib/gcc/arm-none-eabi/9.2.1/../../../../arm-none-eabi/lib/thumb/v7e-m+fp/hard\libc_nano.a(lib_a-impure.o)
 .ARM.attributes
                0x000004d0       0x34 c:/program files (x86)/gnu tools arm embedded/9 2019-q4-major/bin/../lib/gcc/arm-none-eabi/9.2.1/../../../../arm-none-eabi/lib/thumb/v7e-m+fp/hard\libc_nano.a(lib_a-init.o)
 .ARM.attributes
                0x00000504       0x34 c:/program files (x86)/gnu tools arm embedded/9 2019-q4-major/bin/../lib/gcc/arm-none-eabi/9.2.1/../../../../arm-none-eabi/lib/thumb/v7e-m+fp/hard\libc_nano.a(lib_a-memcpy-stub.o)
 .ARM.attributes
                0x00000538       0x34 c:/program files (x86)/gnu tools arm embedded/9 2019-q4-major/bin/../lib/gcc/arm-none-eabi/9.2.1/../../../../arm-none-eabi/lib/thumb/v7e-m+fp/hard\libc_nano.a(lib_a-memset.o)
 .ARM.attributes
                0x0000056c       0x34 c:/program files (x86)/gnu tools arm embedded/9 2019-q4-major/bin/../lib/gcc/arm-none-eabi/9.2.1/../../../../arm-none-eabi/lib/thumb/v7e-m+fp/hard\libnosys.a(_exit.o)
 .ARM.attributes
                0x000005a0       0x32 c:/program files (x86)/gnu tools arm embedded/9 2019-q4-major/bin/../lib/gcc/arm-none-eabi/9.2.1/thumb/v7e-m+fp/hard/crtend.o
 .ARM.attributes
                0x000005d2       0x1e c:/program files (x86)/gnu tools arm embedded/9 2019-q4-major/bin/../lib/gcc/arm-none-eabi/9.2.1/thumb/v7e-m+fp/hard/crtn.o

.comment        0x00000000       0x79
 .comment       0x00000000       0x79 _build/nrf52840_xxaa/nrf_log_default_backends.c.o
                                 0x7a (size before relaxing)
 .comment       0x00000079       0x7a _build/nrf52840_xxaa/nrf_log_frontend.c.o
 .comment       0x00000079       0x7a _build/nrf52840_xxaa/app_button.c.o
 .comment       0x00000079       0x7a _build/nrf52840_xxaa/app_error.c.o
 .comment       0x00000079       0x7a _build/nrf52840_xxaa/app_error_weak.c.o
 .comment       0x00000079       0x7a _build/nrf52840_xxaa/app_timer2.c.o
 .comment       0x00000079       0x7a _build/nrf52840_xxaa/app_util_platform.c.o
 .comment       0x00000079       0x7a _build/nrf52840_xxaa/drv_rtc.c.o
 .comment       0x00000079       0x7a _build/nrf52840_xxaa/nrf_atomic.c.o
 .comment       0x00000079       0x7a _build/nrf52840_xxaa/nrf_balloc.c.o
 .comment       0x00000079       0x7a _build/nrf52840_xxaa/nrf_memobj.c.o
 .comment       0x00000079       0x7a _build/nrf52840_xxaa/nrf_ringbuf.c.o
 .comment       0x00000079       0x7a _build/nrf52840_xxaa/nrf_sortlist.c.o
 .comment       0x00000079       0x7a _build/nrf52840_xxaa/nrfx_gpiote.c.o
 .comment       0x00000079       0x7a _build/nrf52840_xxaa/nrfx_prs.c.o
 .comment       0x00000079       0x7a _build/nrf52840_xxaa/nrfx_uart.c.o
 .comment       0x00000079       0x7a _build/nrf52840_xxaa/nrfx_uarte.c.o
 .comment       0x00000079       0x7a _build/nrf52840_xxaa/main.c.o
 .comment       0x00000079       0x7a _build/nrf52840_xxaa/system_nrf52840.c.o

.debug_line     0x00000000    0x18688
 .debug_line    0x00000000       0x89 _build/nrf52840_xxaa/gcc_startup_nrf52840.S.o
 .debug_line    0x00000089      0x75e _build/nrf52840_xxaa/nrf_log_default_backends.c.o
 .debug_line    0x000007e7     0x2b4c _build/nrf52840_xxaa/nrf_log_frontend.c.o
 .debug_line    0x00003333     0x124c _build/nrf52840_xxaa/app_button.c.o
 .debug_line    0x0000457f      0x5dc _build/nrf52840_xxaa/app_error.c.o
 .debug_line    0x00004b5b      0x88c _build/nrf52840_xxaa/app_error_weak.c.o
 .debug_line    0x000053e7     0x11af _build/nrf52840_xxaa/app_timer2.c.o
 .debug_line    0x00006596      0x6a8 _build/nrf52840_xxaa/app_util_platform.c.o
 .debug_line    0x00006c3e     0x1511 _build/nrf52840_xxaa/drv_rtc.c.o
 .debug_line    0x0000814f      0x8f1 _build/nrf52840_xxaa/nrf_atomic.c.o
 .debug_line    0x00008a40      0x8fc _build/nrf52840_xxaa/nrf_balloc.c.o
 .debug_line    0x0000933c      0xb8e _build/nrf52840_xxaa/nrf_memobj.c.o
 .debug_line    0x00009eca      0x9ee _build/nrf52840_xxaa/nrf_ringbuf.c.o
 .debug_line    0x0000a8b8      0x7af _build/nrf52840_xxaa/nrf_sortlist.c.o
 .debug_line    0x0000b067     0x3111 _build/nrf52840_xxaa/nrfx_gpiote.c.o
 .debug_line    0x0000e178      0x957 _build/nrf52840_xxaa/nrfx_prs.c.o
 .debug_line    0x0000eacf     0x1f76 _build/nrf52840_xxaa/nrfx_uart.c.o
 .debug_line    0x00010a45     0x1f1d _build/nrf52840_xxaa/nrfx_uarte.c.o
 .debug_line    0x00012962     0x5515 _build/nrf52840_xxaa/main.c.o
 .debug_line    0x00017e77      0x811 _build/nrf52840_xxaa/system_nrf52840.c.o

.debug_info     0x00000000    0x2c94d
 .debug_info    0x00000000       0x26 _build/nrf52840_xxaa/gcc_startup_nrf52840.S.o
 .debug_info    0x00000026      0xc8f _build/nrf52840_xxaa/nrf_log_default_backends.c.o
 .debug_info    0x00000cb5     0x45a8 _build/nrf52840_xxaa/nrf_log_frontend.c.o
 .debug_info    0x0000525d     0x1c69 _build/nrf52840_xxaa/app_button.c.o
 .debug_info    0x00006ec6      0xb94 _build/nrf52840_xxaa/app_error.c.o
 .debug_info    0x00007a5a      0xfb5 _build/nrf52840_xxaa/app_error_weak.c.o
 .debug_info    0x00008a0f     0x21be _build/nrf52840_xxaa/app_timer2.c.o
 .debug_info    0x0000abcd     0x10e5 _build/nrf52840_xxaa/app_util_platform.c.o
 .debug_info    0x0000bcb2     0x2b48 _build/nrf52840_xxaa/drv_rtc.c.o
 .debug_info    0x0000e7fa     0x13e4 _build/nrf52840_xxaa/nrf_atomic.c.o
 .debug_info    0x0000fbde      0xe40 _build/nrf52840_xxaa/nrf_balloc.c.o
 .debug_info    0x00010a1e     0x15ca _build/nrf52840_xxaa/nrf_memobj.c.o
 .debug_info    0x00011fe8      0xf3a _build/nrf52840_xxaa/nrf_ringbuf.c.o
 .debug_info    0x00012f22      0xd6d _build/nrf52840_xxaa/nrf_sortlist.c.o
 .debug_info    0x00013c8f     0x4680 _build/nrf52840_xxaa/nrfx_gpiote.c.o
 .debug_info    0x0001830f     0x11aa _build/nrf52840_xxaa/nrfx_prs.c.o
 .debug_info    0x000194b9     0x42bc _build/nrf52840_xxaa/nrfx_uart.c.o
 .debug_info    0x0001d775     0x424a _build/nrf52840_xxaa/nrfx_uarte.c.o
 .debug_info    0x000219bf     0x98a9 _build/nrf52840_xxaa/main.c.o
 .debug_info    0x0002b268     0x16e5 _build/nrf52840_xxaa/system_nrf52840.c.o

.debug_abbrev   0x00000000     0x4d3a
 .debug_abbrev  0x00000000       0x14 _build/nrf52840_xxaa/gcc_startup_nrf52840.S.o
 .debug_abbrev  0x00000014      0x206 _build/nrf52840_xxaa/nrf_log_default_backends.c.o
 .debug_abbrev  0x0000021a      0x626 _build/nrf52840_xxaa/nrf_log_frontend.c.o
 .debug_abbrev  0x00000840      0x440 _build/nrf52840_xxaa/app_button.c.o
 .debug_abbrev  0x00000c80      0x276 _build/nrf52840_xxaa/app_error.c.o
 .debug_abbrev  0x00000ef6      0x2fd _build/nrf52840_xxaa/app_error_weak.c.o
 .debug_abbrev  0x000011f3      0x58f _build/nrf52840_xxaa/app_timer2.c.o
 .debug_abbrev  0x00001782      0x37a _build/nrf52840_xxaa/app_util_platform.c.o
 .debug_abbrev  0x00001afc      0x5d7 _build/nrf52840_xxaa/drv_rtc.c.o
 .debug_abbrev  0x000020d3      0x378 _build/nrf52840_xxaa/nrf_atomic.c.o
 .debug_abbrev  0x0000244b      0x343 _build/nrf52840_xxaa/nrf_balloc.c.o
 .debug_abbrev  0x0000278e      0x397 _build/nrf52840_xxaa/nrf_memobj.c.o
 .debug_abbrev  0x00002b25      0x2b2 _build/nrf52840_xxaa/nrf_ringbuf.c.o
 .debug_abbrev  0x00002dd7      0x284 _build/nrf52840_xxaa/nrf_sortlist.c.o
 .debug_abbrev  0x0000305b      0x5b5 _build/nrf52840_xxaa/nrfx_gpiote.c.o
 .debug_abbrev  0x00003610      0x35b _build/nrf52840_xxaa/nrfx_prs.c.o
 .debug_abbrev  0x0000396b      0x59d _build/nrf52840_xxaa/nrfx_uart.c.o
 .debug_abbrev  0x00003f08      0x571 _build/nrf52840_xxaa/nrfx_uarte.c.o
 .debug_abbrev  0x00004479      0x653 _build/nrf52840_xxaa/main.c.o
 .debug_abbrev  0x00004acc      0x26e _build/nrf52840_xxaa/system_nrf52840.c.o

.debug_aranges  0x00000000      0x770
 .debug_aranges
                0x00000000       0x20 _build/nrf52840_xxaa/gcc_startup_nrf52840.S.o
 .debug_aranges
                0x00000020       0x20 _build/nrf52840_xxaa/nrf_log_default_backends.c.o
 .debug_aranges
                0x00000040       0xb8 _build/nrf52840_xxaa/nrf_log_frontend.c.o
 .debug_aranges
                0x000000f8       0x50 _build/nrf52840_xxaa/app_button.c.o
 .debug_aranges
                0x00000148       0x28 _build/nrf52840_xxaa/app_error.c.o
 .debug_aranges
                0x00000170       0x20 _build/nrf52840_xxaa/app_error_weak.c.o
 .debug_aranges
                0x00000190       0x70 _build/nrf52840_xxaa/app_timer2.c.o
 .debug_aranges
                0x00000200       0x48 _build/nrf52840_xxaa/app_util_platform.c.o
 .debug_aranges
                0x00000248       0xb0 _build/nrf52840_xxaa/drv_rtc.c.o
 .debug_aranges
                0x000002f8       0xb0 _build/nrf52840_xxaa/nrf_atomic.c.o
 .debug_aranges
                0x000003a8       0x30 _build/nrf52840_xxaa/nrf_balloc.c.o
 .debug_aranges
                0x000003d8       0x50 _build/nrf52840_xxaa/nrf_memobj.c.o
 .debug_aranges
                0x00000428       0x50 _build/nrf52840_xxaa/nrf_ringbuf.c.o
 .debug_aranges
                0x00000478       0x40 _build/nrf52840_xxaa/nrf_sortlist.c.o
 .debug_aranges
                0x000004b8       0xf8 _build/nrf52840_xxaa/nrfx_gpiote.c.o
 .debug_aranges
                0x000005b0       0x30 _build/nrf52840_xxaa/nrfx_prs.c.o
 .debug_aranges
                0x000005e0       0x78 _build/nrf52840_xxaa/nrfx_uart.c.o
 .debug_aranges
                0x00000658       0x68 _build/nrf52840_xxaa/nrfx_uarte.c.o
 .debug_aranges
                0x000006c0       0x88 _build/nrf52840_xxaa/main.c.o
 .debug_aranges
                0x00000748       0x28 _build/nrf52840_xxaa/system_nrf52840.c.o

.debug_str      0x00000000    0x94499
 .debug_str     0x00000000       0x8b _build/nrf52840_xxaa/gcc_startup_nrf52840.S.o
 .debug_str     0x0000008b    0x86ae5 _build/nrf52840_xxaa/nrf_log_default_backends.c.o
                              0x87f0c (size before relaxing)
 .debug_str     0x00086b70     0x15c0 _build/nrf52840_xxaa/nrf_log_frontend.c.o
                              0x894d1 (size before relaxing)
 .debug_str     0x00088130     0x4a85 _build/nrf52840_xxaa/app_button.c.o
                              0x8bc8f (size before relaxing)
 .debug_str     0x0008cbb5      0x14d _build/nrf52840_xxaa/app_error.c.o
                              0x7a00e (size before relaxing)
 .debug_str     0x0008cd02       0xc2 _build/nrf52840_xxaa/app_error_weak.c.o
                              0x886e9 (size before relaxing)
 .debug_str     0x0008cdc4     0x11b1 _build/nrf52840_xxaa/app_timer2.c.o
                              0x8b980 (size before relaxing)
 .debug_str     0x0008df75      0x1e3 _build/nrf52840_xxaa/app_util_platform.c.o
                              0x7a86b (size before relaxing)
 .debug_str     0x0008e158      0x797 _build/nrf52840_xxaa/drv_rtc.c.o
                              0x8b300 (size before relaxing)
 .debug_str     0x0008e8ef      0x6b9 _build/nrf52840_xxaa/nrf_atomic.c.o
                              0x840b5 (size before relaxing)
 .debug_str     0x0008efa8      0x154 _build/nrf52840_xxaa/nrf_balloc.c.o
                              0x88006 (size before relaxing)
 .debug_str     0x0008f0fc      0x1b5 _build/nrf52840_xxaa/nrf_memobj.c.o
                              0x863ca (size before relaxing)
 .debug_str     0x0008f2b1       0xdc _build/nrf52840_xxaa/nrf_ringbuf.c.o
                              0x84abc (size before relaxing)
 .debug_str     0x0008f38d       0xcc _build/nrf52840_xxaa/nrf_sortlist.c.o
                              0x865e3 (size before relaxing)
 .debug_str     0x0008f459     0x13e1 _build/nrf52840_xxaa/nrfx_gpiote.c.o
                              0x8c5e7 (size before relaxing)
 .debug_str     0x0009083a      0x4e5 _build/nrf52840_xxaa/nrfx_prs.c.o
                              0x8a951 (size before relaxing)
 .debug_str     0x00090d1f      0xd02 _build/nrf52840_xxaa/nrfx_uart.c.o
                              0x8bb56 (size before relaxing)
 .debug_str     0x00091a21      0xf75 _build/nrf52840_xxaa/nrfx_uarte.c.o
                              0x8bfea (size before relaxing)
 .debug_str     0x00092996     0x14d9 _build/nrf52840_xxaa/main.c.o
                              0x8cfd7 (size before relaxing)
 .debug_str     0x00093e6f      0x62a _build/nrf52840_xxaa/system_nrf52840.c.o
                              0x75d45 (size before relaxing)

.debug_ranges   0x00000000     0x7d78
 .debug_ranges  0x00000000       0x10 _build/nrf52840_xxaa/nrf_log_default_backends.c.o
 .debug_ranges  0x00000010      0xad8 _build/nrf52840_xxaa/nrf_log_frontend.c.o
 .debug_ranges  0x00000ae8      0x498 _build/nrf52840_xxaa/app_button.c.o
 .debug_ranges  0x00000f80       0x18 _build/nrf52840_xxaa/app_error.c.o
 .debug_ranges  0x00000f98       0x28 _build/nrf52840_xxaa/app_error_weak.c.o
 .debug_ranges  0x00000fc0      0x2a8 _build/nrf52840_xxaa/app_timer2.c.o
 .debug_ranges  0x00001268       0x38 _build/nrf52840_xxaa/app_util_platform.c.o
 .debug_ranges  0x000012a0      0x420 _build/nrf52840_xxaa/drv_rtc.c.o
 .debug_ranges  0x000016c0      0x228 _build/nrf52840_xxaa/nrf_atomic.c.o
 .debug_ranges  0x000018e8       0x40 _build/nrf52840_xxaa/nrf_balloc.c.o
 .debug_ranges  0x00001928       0xb8 _build/nrf52840_xxaa/nrf_memobj.c.o
 .debug_ranges  0x000019e0       0x40 _build/nrf52840_xxaa/nrf_ringbuf.c.o
 .debug_ranges  0x00001a20       0x30 _build/nrf52840_xxaa/nrf_sortlist.c.o
 .debug_ranges  0x00001a50     0x12c8 _build/nrf52840_xxaa/nrfx_gpiote.c.o
 .debug_ranges  0x00002d18       0x38 _build/nrf52840_xxaa/nrfx_prs.c.o
 .debug_ranges  0x00002d50      0x6b8 _build/nrf52840_xxaa/nrfx_uart.c.o
 .debug_ranges  0x00003408      0x680 _build/nrf52840_xxaa/nrfx_uarte.c.o
 .debug_ranges  0x00003a88     0x4220 _build/nrf52840_xxaa/main.c.o
 .debug_ranges  0x00007ca8       0xd0 _build/nrf52840_xxaa/system_nrf52840.c.o

.debug_macro    0x00000000     0x4ca4
 .debug_macro   0x00000000      0x368 _build/nrf52840_xxaa/nrf_log_default_backends.c.o
 .debug_macro   0x00000368      0x3f2 _build/nrf52840_xxaa/nrf_log_frontend.c.o
 .debug_macro   0x0000075a       0x16 _build/nrf52840_xxaa/nrf_log_frontend.c.o
 .debug_macro   0x00000770       0x9a _build/nrf52840_xxaa/nrf_log_frontend.c.o
 .debug_macro   0x0000080a       0x9e _build/nrf52840_xxaa/nrf_log_frontend.c.o
 .debug_macro   0x000008a8      0x433 _build/nrf52840_xxaa/app_button.c.o
 .debug_macro   0x00000cdb       0x1c _build/nrf52840_xxaa/app_button.c.o
 .debug_macro   0x00000cf7       0x37 _build/nrf52840_xxaa/app_button.c.o
 .debug_macro   0x00000d2e       0x16 _build/nrf52840_xxaa/app_button.c.o
 .debug_macro   0x00000d44       0x3c _build/nrf52840_xxaa/app_button.c.o
 .debug_macro   0x00000d80       0x17 _build/nrf52840_xxaa/app_button.c.o
 .debug_macro   0x00000d97       0x45 _build/nrf52840_xxaa/app_button.c.o
 .debug_macro   0x00000ddc       0xcc _build/nrf52840_xxaa/app_button.c.o
 .debug_macro   0x00000ea8       0x10 _build/nrf52840_xxaa/app_button.c.o
 .debug_macro   0x00000eb8      0x17f _build/nrf52840_xxaa/app_button.c.o
 .debug_macro   0x00001037      0x228 _build/nrf52840_xxaa/app_error.c.o
 .debug_macro   0x0000125f       0x97 _build/nrf52840_xxaa/app_error.c.o
 .debug_macro   0x000012f6       0xf6 _build/nrf52840_xxaa/app_error.c.o
 .debug_macro   0x000013ec      0x370 _build/nrf52840_xxaa/app_error_weak.c.o
 .debug_macro   0x0000175c       0xfb _build/nrf52840_xxaa/app_error_weak.c.o
 .debug_macro   0x00001857       0x16 _build/nrf52840_xxaa/app_error_weak.c.o
 .debug_macro   0x0000186d       0x92 _build/nrf52840_xxaa/app_error_weak.c.o
 .debug_macro   0x000018ff      0x412 _build/nrf52840_xxaa/app_timer2.c.o
 .debug_macro   0x00001d11       0x27 _build/nrf52840_xxaa/app_timer2.c.o
 .debug_macro   0x00001d38       0x45 _build/nrf52840_xxaa/app_timer2.c.o
 .debug_macro   0x00001d7d       0xac _build/nrf52840_xxaa/app_timer2.c.o
 .debug_macro   0x00001e29       0x5b _build/nrf52840_xxaa/app_timer2.c.o
 .debug_macro   0x00001e84       0x2e _build/nrf52840_xxaa/app_timer2.c.o
 .debug_macro   0x00001eb2       0x28 _build/nrf52840_xxaa/app_timer2.c.o
 .debug_macro   0x00001eda      0x244 _build/nrf52840_xxaa/app_util_platform.c.o
 .debug_macro   0x0000211e       0xe9 _build/nrf52840_xxaa/app_util_platform.c.o
 .debug_macro   0x00002207      0x3fe _build/nrf52840_xxaa/drv_rtc.c.o
 .debug_macro   0x00002605       0x10 _build/nrf52840_xxaa/drv_rtc.c.o
 .debug_macro   0x00002615      0x232 _build/nrf52840_xxaa/nrf_atomic.c.o
 .debug_macro   0x00002847       0x42 _build/nrf52840_xxaa/nrf_atomic.c.o
 .debug_macro   0x00002889      0x335 _build/nrf52840_xxaa/nrf_balloc.c.o
 .debug_macro   0x00002bbe      0x318 _build/nrf52840_xxaa/nrf_memobj.c.o
 .debug_macro   0x00002ed6      0x10e _build/nrf52840_xxaa/nrf_memobj.c.o
 .debug_macro   0x00002fe4       0x86 _build/nrf52840_xxaa/nrf_memobj.c.o
 .debug_macro   0x0000306a      0x2c7 _build/nrf52840_xxaa/nrf_ringbuf.c.o
 .debug_macro   0x00003331      0x295 _build/nrf52840_xxaa/nrf_sortlist.c.o
 .debug_macro   0x000035c6      0x430 _build/nrf52840_xxaa/nrfx_gpiote.c.o
 .debug_macro   0x000039f6       0x22 _build/nrf52840_xxaa/nrfx_gpiote.c.o
 .debug_macro   0x00003a18       0x16 _build/nrf52840_xxaa/nrfx_gpiote.c.o
 .debug_macro   0x00003a2e       0x1c _build/nrf52840_xxaa/nrfx_gpiote.c.o
 .debug_macro   0x00003a4a       0x42 _build/nrf52840_xxaa/nrfx_gpiote.c.o
 .debug_macro   0x00003a8c      0x3df _build/nrf52840_xxaa/nrfx_prs.c.o
 .debug_macro   0x00003e6b       0x28 _build/nrf52840_xxaa/nrfx_prs.c.o
 .debug_macro   0x00003e93      0x3fa _build/nrf52840_xxaa/nrfx_uart.c.o
 .debug_macro   0x0000428d      0x418 _build/nrf52840_xxaa/nrfx_uarte.c.o
 .debug_macro   0x000046a5      0x4bd _build/nrf52840_xxaa/main.c.o
 .debug_macro   0x00004b62       0x10 _build/nrf52840_xxaa/main.c.o
 .debug_macro   0x00004b72      0x132 _build/nrf52840_xxaa/system_nrf52840.c.o

.debug_frame    0x00000000     0x164c
 .debug_frame   0x00000000       0x20 _build/nrf52840_xxaa/nrf_log_default_backends.c.o
 .debug_frame   0x00000020      0x2dc _build/nrf52840_xxaa/nrf_log_frontend.c.o
 .debug_frame   0x000002fc      0x148 _build/nrf52840_xxaa/app_button.c.o
 .debug_frame   0x00000444       0x54 _build/nrf52840_xxaa/app_error.c.o
 .debug_frame   0x00000498       0x28 _build/nrf52840_xxaa/app_error_weak.c.o
 .debug_frame   0x000004c0      0x15c _build/nrf52840_xxaa/app_timer2.c.o
 .debug_frame   0x0000061c       0x70 _build/nrf52840_xxaa/app_util_platform.c.o
 .debug_frame   0x0000068c      0x1b8 _build/nrf52840_xxaa/drv_rtc.c.o
 .debug_frame   0x00000844      0x228 _build/nrf52840_xxaa/nrf_atomic.c.o
 .debug_frame   0x00000a6c       0x6c _build/nrf52840_xxaa/nrf_balloc.c.o
 .debug_frame   0x00000ad8       0xe8 _build/nrf52840_xxaa/nrf_memobj.c.o
 .debug_frame   0x00000bc0       0xe0 _build/nrf52840_xxaa/nrf_ringbuf.c.o
 .debug_frame   0x00000ca0       0x6c _build/nrf52840_xxaa/nrf_sortlist.c.o
 .debug_frame   0x00000d0c      0x2c8 _build/nrf52840_xxaa/nrfx_gpiote.c.o
 .debug_frame   0x00000fd4       0x4c _build/nrf52840_xxaa/nrfx_prs.c.o
 .debug_frame   0x00001020      0x18c _build/nrf52840_xxaa/nrfx_uart.c.o
 .debug_frame   0x000011ac      0x19c _build/nrf52840_xxaa/nrfx_uarte.c.o
 .debug_frame   0x00001348      0x20c _build/nrf52840_xxaa/main.c.o
 .debug_frame   0x00001554       0x3c _build/nrf52840_xxaa/system_nrf52840.c.o
 .debug_frame   0x00001590       0x28 c:/program files (x86)/gnu tools arm embedded/9 2019-q4-major/bin/../lib/gcc/arm-none-eabi/9.2.1/../../../../arm-none-eabi/lib/thumb/v7e-m+fp/hard\libc_nano.a(lib_a-exit.o)
 .debug_frame   0x000015b8       0x2c c:/program files (x86)/gnu tools arm embedded/9 2019-q4-major/bin/../lib/gcc/arm-none-eabi/9.2.1/../../../../arm-none-eabi/lib/thumb/v7e-m+fp/hard\libc_nano.a(lib_a-init.o)
 .debug_frame   0x000015e4       0x28 c:/program files (x86)/gnu tools arm embedded/9 2019-q4-major/bin/../lib/gcc/arm-none-eabi/9.2.1/../../../../arm-none-eabi/lib/thumb/v7e-m+fp/hard\libc_nano.a(lib_a-memcpy-stub.o)
 .debug_frame   0x0000160c       0x20 c:/program files (x86)/gnu tools arm embedded/9 2019-q4-major/bin/../lib/gcc/arm-none-eabi/9.2.1/../../../../arm-none-eabi/lib/thumb/v7e-m+fp/hard\libc_nano.a(lib_a-memset.o)
 .debug_frame   0x0000162c       0x20 c:/program files (x86)/gnu tools arm embedded/9 2019-q4-major/bin/../lib/gcc/arm-none-eabi/9.2.1/../../../../arm-none-eabi/lib/thumb/v7e-m+fp/hard\libnosys.a(_exit.o)

.debug_loc      0x00000000    0x17e4d
 .debug_loc     0x00000000     0x5124 _build/nrf52840_xxaa/nrf_log_frontend.c.o
 .debug_loc     0x00005124      0xcb0 _build/nrf52840_xxaa/app_button.c.o
 .debug_loc     0x00005dd4       0xc8 _build/nrf52840_xxaa/app_error.c.o
 .debug_loc     0x00005e9c       0x6f _build/nrf52840_xxaa/app_error_weak.c.o
 .debug_loc     0x00005f0b      0xa1a _build/nrf52840_xxaa/app_timer2.c.o
 .debug_loc     0x00006925      0x11a _build/nrf52840_xxaa/app_util_platform.c.o
 .debug_loc     0x00006a3f     0x136c _build/nrf52840_xxaa/drv_rtc.c.o
 .debug_loc     0x00007dab      0x587 _build/nrf52840_xxaa/nrf_atomic.c.o
 .debug_loc     0x00008332      0x285 _build/nrf52840_xxaa/nrf_balloc.c.o
 .debug_loc     0x000085b7     0x100c _build/nrf52840_xxaa/nrf_memobj.c.o
 .debug_loc     0x000095c3      0x66a _build/nrf52840_xxaa/nrf_ringbuf.c.o
 .debug_loc     0x00009c2d      0x173 _build/nrf52840_xxaa/nrf_sortlist.c.o
 .debug_loc     0x00009da0     0x384e _build/nrf52840_xxaa/nrfx_gpiote.c.o
 .debug_loc     0x0000d5ee      0x10e _build/nrf52840_xxaa/nrfx_prs.c.o
 .debug_loc     0x0000d6fc     0x203e _build/nrf52840_xxaa/nrfx_uart.c.o
 .debug_loc     0x0000f73a     0x2033 _build/nrf52840_xxaa/nrfx_uarte.c.o
 .debug_loc     0x0001176d     0x652f _build/nrf52840_xxaa/main.c.o
 .debug_loc     0x00017c9c      0x1b1 _build/nrf52840_xxaa/system_nrf52840.c.o
